Archive member included to satisfy reference by file (symbol)

/usr/local/mcuxpressoide-11.8.1_1197/ide/plugins/com.nxp.mcuxpresso.tools.linux_11.8.1.202308071233/tools/bin/../lib/gcc/arm-none-eabi/12.2.1/../../../../arm-none-eabi/lib/thumb/v8-m.main+fp/hard/libcr_nohost_nf.a(_cr__main.o)
                              ./startup/startup_lpc55s69_cm33_core0.o (__main)
/usr/local/mcuxpressoide-11.8.1_1197/ide/plugins/com.nxp.mcuxpresso.tools.linux_11.8.1.202308071233/tools/bin/../lib/gcc/arm-none-eabi/12.2.1/../../../../arm-none-eabi/lib/thumb/v8-m.main+fp/hard/libcr_c.a(expf.o)
                              ./source/Effects.o (expf)
/usr/local/mcuxpressoide-11.8.1_1197/ide/plugins/com.nxp.mcuxpresso.tools.linux_11.8.1.202308071233/tools/bin/../lib/gcc/arm-none-eabi/12.2.1/../../../../arm-none-eabi/lib/thumb/v8-m.main+fp/hard/libcr_c.a(fabsf.o)
                              ./source/Effects.o (fabsf)
/usr/local/mcuxpressoide-11.8.1_1197/ide/plugins/com.nxp.mcuxpresso.tools.linux_11.8.1.202308071233/tools/bin/../lib/gcc/arm-none-eabi/12.2.1/../../../../arm-none-eabi/lib/thumb/v8-m.main+fp/hard/libcr_c.a(floorf.o)
                              ./source/Effects.o (floorf)
/usr/local/mcuxpressoide-11.8.1_1197/ide/plugins/com.nxp.mcuxpresso.tools.linux_11.8.1.202308071233/tools/bin/../lib/gcc/arm-none-eabi/12.2.1/../../../../arm-none-eabi/lib/thumb/v8-m.main+fp/hard/libcr_c.a(ldexpf.o)
                              /usr/local/mcuxpressoide-11.8.1_1197/ide/plugins/com.nxp.mcuxpresso.tools.linux_11.8.1.202308071233/tools/bin/../lib/gcc/arm-none-eabi/12.2.1/../../../../arm-none-eabi/lib/thumb/v8-m.main+fp/hard/libcr_c.a(expf.o) (ldexpf)
/usr/local/mcuxpressoide-11.8.1_1197/ide/plugins/com.nxp.mcuxpresso.tools.linux_11.8.1.202308071233/tools/bin/../lib/gcc/arm-none-eabi/12.2.1/../../../../arm-none-eabi/lib/thumb/v8-m.main+fp/hard/libcr_c.a(sinf.o)
                              ./source/Effects.o (sinf)
/usr/local/mcuxpressoide-11.8.1_1197/ide/plugins/com.nxp.mcuxpresso.tools.linux_11.8.1.202308071233/tools/bin/../lib/gcc/arm-none-eabi/12.2.1/../../../../arm-none-eabi/lib/thumb/v8-m.main+fp/hard/libcr_c.a(memset.o)
                              ./source/Effects.o (memset)
/usr/local/mcuxpressoide-11.8.1_1197/ide/plugins/com.nxp.mcuxpresso.tools.linux_11.8.1.202308071233/tools/bin/../lib/gcc/arm-none-eabi/12.2.1/../../../../arm-none-eabi/lib/thumb/v8-m.main+fp/hard/libcr_c.a(alloc.o)
                              ./drivers/fsl_common.o (malloc)
/usr/local/mcuxpressoide-11.8.1_1197/ide/plugins/com.nxp.mcuxpresso.tools.linux_11.8.1.202308071233/tools/bin/../lib/gcc/arm-none-eabi/12.2.1/../../../../arm-none-eabi/lib/thumb/v8-m.main+fp/hard/libcr_c.a(errno.o)
                              ./utilities/fsl_str.o (errno)
/usr/local/mcuxpressoide-11.8.1_1197/ide/plugins/com.nxp.mcuxpresso.tools.linux_11.8.1.202308071233/tools/bin/../lib/gcc/arm-none-eabi/12.2.1/../../../../arm-none-eabi/lib/thumb/v8-m.main+fp/hard/libcr_c.a(initio.o)
                              /usr/local/mcuxpressoide-11.8.1_1197/ide/plugins/com.nxp.mcuxpresso.tools.linux_11.8.1.202308071233/tools/bin/../lib/gcc/arm-none-eabi/12.2.1/../../../../arm-none-eabi/lib/thumb/v8-m.main+fp/hard/libcr_nohost_nf.a(_cr__main.o) (_initio)
/usr/local/mcuxpressoide-11.8.1_1197/ide/plugins/com.nxp.mcuxpresso.tools.linux_11.8.1.202308071233/tools/bin/../lib/gcc/arm-none-eabi/12.2.1/../../../../arm-none-eabi/lib/thumb/v8-m.main+fp/hard/libcr_c.a(modf.o)
                              ./utilities/fsl_debug_console.o (modf)
/usr/local/mcuxpressoide-11.8.1_1197/ide/plugins/com.nxp.mcuxpresso.tools.linux_11.8.1.202308071233/tools/bin/../lib/gcc/arm-none-eabi/12.2.1/../../../../arm-none-eabi/lib/thumb/v8-m.main+fp/hard/libcr_c.a(pow.o)
                              ./utilities/fsl_debug_console.o (pow)
/usr/local/mcuxpressoide-11.8.1_1197/ide/plugins/com.nxp.mcuxpresso.tools.linux_11.8.1.202308071233/tools/bin/../lib/gcc/arm-none-eabi/12.2.1/../../../../arm-none-eabi/lib/thumb/v8-m.main+fp/hard/libcr_c.a(scanf.o)
                              ./utilities/fsl_str.o (strtoul)
/usr/local/mcuxpressoide-11.8.1_1197/ide/plugins/com.nxp.mcuxpresso.tools.linux_11.8.1.202308071233/tools/bin/../lib/gcc/arm-none-eabi/12.2.1/../../../../arm-none-eabi/lib/thumb/v8-m.main+fp/hard/libcr_c.a(setvbuf.o)
                              /usr/local/mcuxpressoide-11.8.1_1197/ide/plugins/com.nxp.mcuxpresso.tools.linux_11.8.1.202308071233/tools/bin/../lib/gcc/arm-none-eabi/12.2.1/../../../../arm-none-eabi/lib/thumb/v8-m.main+fp/hard/libcr_c.a(initio.o) (setvbuf)
/usr/local/mcuxpressoide-11.8.1_1197/ide/plugins/com.nxp.mcuxpresso.tools.linux_11.8.1.202308071233/tools/bin/../lib/gcc/arm-none-eabi/12.2.1/../../../../arm-none-eabi/lib/thumb/v8-m.main+fp/hard/libcr_c.a(strlen.o)
                              ./utilities/fsl_debug_console.o (strlen)
[...]
Memory Configuration

Name             Origin             Length             Attributes
PROGRAM_FLASH    0x0000000000000000 0x000000000009d800 xr
SRAM             0x0000000020000000 0x0000000000040000 xrw
SRAMX            0x0000000004000000 0x0000000000008000 xrw
USB_RAM          0x0000000040100000 0x0000000000004000 xrw
SRAM4            0x0000000020040000 0x0000000000004000 xrw
*default*        0x0000000000000000 0xffffffffffffffff

Linker script and memory map

LOAD ./utilities/fsl_assert.o
LOAD ./utilities/fsl_debug_console.o
LOAD ./utilities/fsl_memcpy.o
LOAD ./utilities/fsl_str.o
LOAD ./startup/boot_multicore_slave.o
LOAD ./startup/startup_lpc55s69_cm33_core0.o
LOAD ./source/Effects.o
LOAD ./source/Global.o
LOAD ./source/i2s_dma_record_playback.o
LOAD ./source/semihost_hardfault.o
LOAD ./drivers/fsl_clock.o
LOAD ./drivers/fsl_common.o
LOAD ./drivers/fsl_common_arm.o
LOAD ./drivers/fsl_dma.o
LOAD ./drivers/fsl_flexcomm.o
LOAD ./drivers/fsl_gpio.o
LOAD ./drivers/fsl_i2c.o
LOAD ./drivers/fsl_i2s.o
LOAD ./drivers/fsl_i2s_dma.o
LOAD ./drivers/fsl_inputmux.o
LOAD ./drivers/fsl_power.o
LOAD ./drivers/fsl_reset.o
LOAD ./drivers/fsl_sysctl.o
LOAD ./drivers/fsl_usart.o
LOAD ./device/system_LPC55S69_cm33_core0.o
LOAD ./component/uart/fsl_adapter_usart.o
LOAD ./component/lists/fsl_component_generic_list.o
LOAD ./component/i2c/fsl_adapter_flexcomm_i2c.o
LOAD ./codec/port/wm8904/fsl_codec_wm8904_adapter.o
LOAD ./codec/fsl_codec_common.o
LOAD ./codec/fsl_codec_i2c.o
LOAD ./codec/fsl_wm8904.o
LOAD ./board/board.o
LOAD ./board/clock_config.o
LOAD ./board/pin_mux.o
START GROUP
LOAD /usr/local/mcuxpressoide-11.8.1_1197/ide/plugins/com.nxp.mcuxpresso.tools.linux_11.8.1.202308071233/tools/bin/../lib/gcc/arm-none-eabi/12.2.1/../../../../arm-none-eabi/lib/thumb/v8-m.main+fp/hard/libcr_nohost_nf.a
LOAD /usr/local/mcuxpressoide-11.8.1_1197/ide/plugins/com.nxp.mcuxpresso.tools.linux_11.8.1.202308071233/tools/bin/../lib/gcc/arm-none-eabi/12.2.1/../../../../arm-none-eabi/lib/thumb/v8-m.main+fp/hard/libcr_c.a
LOAD /usr/local/mcuxpressoide-11.8.1_1197/ide/plugins/com.nxp.mcuxpresso.tools.linux_11.8.1.202308071233/tools/bin/../lib/gcc/arm-none-eabi/12.2.1/thumb/v8-m.main+fp/hard/libcr_eabihelpers.a
LOAD /usr/local/mcuxpressoide-11.8.1_1197/ide/plugins/com.nxp.mcuxpresso.tools.linux_11.8.1.202308071233/tools/bin/../lib/gcc/arm-none-eabi/12.2.1/thumb/v8-m.main+fp/hard/libgcc.a
END GROUP
                0x0000000000000000                __base_PROGRAM_FLASH = 0x0
                0x0000000000000000                __base_Flash = 0x0
                0x000000000009d800                __top_PROGRAM_FLASH = 0x9d800
                0x000000000009d800                __top_Flash = 0x9d800
                0x0000000020000000                __base_SRAM = 0x20000000
                0x0000000020000000                __base_RAM = 0x20000000
                0x0000000020040000                __top_SRAM = 0x20040000
                0x0000000020040000                __top_RAM = 0x20040000
                0x0000000004000000                __base_SRAMX = 0x4000000
                0x0000000004000000                __base_RAM2 = 0x4000000
                0x0000000004008000                __top_SRAMX = 0x4008000
                0x0000000004008000                __top_RAM2 = 0x4008000
                0x0000000040100000                __base_USB_RAM = 0x40100000
                0x0000000040100000                __base_RAM3 = 0x40100000
                0x0000000040104000                __top_USB_RAM = 0x40104000
                0x0000000040104000                __top_RAM3 = 0x40104000
                0x0000000020040000                __base_SRAM4 = 0x20040000
                0x0000000020040000                __base_RAM4 = 0x20040000
                0x0000000020044000                __top_SRAM4 = 0x20044000
                0x0000000020044000                __top_RAM4 = 0x20044000

.text           0x0000000000000000     0xa024
 FILL mask 0xff
                0x0000000000000000                __vectors_start__ = ABSOLUTE (.)
 *(SORT_BY_ALIGNMENT(.isr_vector))
 .isr_vector    0x0000000000000000      0x130 ./startup/startup_lpc55s69_cm33_core0.o
                0x0000000000000000                __Vectors
                0x0000000000000000                g_pfnVectors
                0x0000000000000130                . = ALIGN (0x4)
                0x0000000000000130                __section_table_start = .
                0x0000000000000130                __data_section_table = .
                0x0000000000000130        0x4 LONG 0xa024 LOADADDR (.data)
                0x0000000000000134        0x4 LONG 0x20000000 ADDR (.data)
                0x0000000000000138        0x4 LONG 0x44 SIZEOF (.data)
                0x000000000000013c        0x4 LONG 0xa024 LOADADDR (.data_RAM2)
                0x0000000000000140        0x4 LONG 0x4000000 ADDR (.data_RAM2)
                0x0000000000000144        0x4 LONG 0x0 SIZEOF (.data_RAM2)
                0x0000000000000148        0x4 LONG 0xa024 LOADADDR (.data_RAM3)
                0x000000000000014c        0x4 LONG 0x40100000 ADDR (.data_RAM3)
                0x0000000000000150        0x4 LONG 0x0 SIZEOF (.data_RAM3)
                0x0000000000000154        0x4 LONG 0xa024 LOADADDR (.data_RAM4)
                0x0000000000000158        0x4 LONG 0x20040000 ADDR (.data_RAM4)
                0x000000000000015c        0x4 LONG 0x0 SIZEOF (.data_RAM4)
                0x0000000000000160                __data_section_table_end = .
                0x0000000000000160                __bss_section_table = .
                0x0000000000000160        0x4 LONG 0x20000200 ADDR (.bss)
                0x0000000000000164        0x4 LONG 0x2fa9c SIZEOF (.bss)
                0x0000000000000168        0x4 LONG 0x4000000 ADDR (.bss_RAM2)
                0x000000000000016c        0x4 LONG 0x0 SIZEOF (.bss_RAM2)
                0x0000000000000170        0x4 LONG 0x40100000 ADDR (.bss_RAM3)
                0x0000000000000174        0x4 LONG 0x0 SIZEOF (.bss_RAM3)
                0x0000000000000178        0x4 LONG 0x20040000 ADDR (.bss_RAM4)
                0x000000000000017c        0x4 LONG 0x0 SIZEOF (.bss_RAM4)
                0x0000000000000180                __bss_section_table_end = .
                0x0000000000000180                __section_table_end = .
 *(SORT_BY_ALIGNMENT(.after_vectors*))
 .after_vectors.reset
                0x0000000000000180       0x68 ./startup/startup_lpc55s69_cm33_core0.o
                0x0000000000000180                ResetISR
 .after_vectors.init_data
                0x00000000000001e8       0x1e ./startup/startup_lpc55s69_cm33_core0.o
                0x00000000000001e8                data_init
 .after_vectors.init_bss
                0x0000000000000206       0x12 ./startup/startup_lpc55s69_cm33_core0.o
                0x0000000000000206                bss_init
 .after_vectors
                0x0000000000000218       0x16 ./startup/startup_lpc55s69_cm33_core0.o
                0x0000000000000218                NMI_Handler
                0x000000000000021c                MemManage_Handler
                0x000000000000021e                BusFault_Handler
                0x0000000000000220                UsageFault_Handler
                0x0000000000000222                SecureFault_Handler
                0x0000000000000224                SVC_Handler
                0x0000000000000226                DebugMon_Handler
                0x0000000000000228                PendSV_Handler
                0x000000000000022a                SysTick_Handler
                0x000000000000022c                Reserved39_DriverIRQHandler
                0x000000000000022c                Reserved42_DriverIRQHandler
                0x000000000000022c                SEC_VIO_DriverIRQHandler
                0x000000000000022c                PIN_INT3_DriverIRQHandler
                0x000000000000022c                PIN_INT2_DriverIRQHandler
                0x000000000000022c                Reserved56_DriverIRQHandler
                0x000000000000022c                PIN_INT0_DriverIRQHandler
                0x000000000000022c                CTIMER2_DriverIRQHandler
                0x000000000000022c                IntDefaultHandler
                0x000000000000022c                USB0_DriverIRQHandler
                0x000000000000022c                CASER_DriverIRQHandler
                0x000000000000022c                MRT0_DriverIRQHandler
                0x000000000000022c                UTICK0_DriverIRQHandler
                0x000000000000022c                Reserved41_DriverIRQHandler
                0x000000000000022c                PIN_INT4_DriverIRQHandler
                0x000000000000022c                PIN_INT5_DriverIRQHandler
                0x000000000000022c                SEC_GPIO_INT0_IRQ0_DriverIRQHandler
                0x000000000000022c                CTIMER4_DriverIRQHandler
                0x000000000000022c                GINT1_DriverIRQHandler
                0x000000000000022c                PIN_INT7_DriverIRQHandler
                0x000000000000022c                Reserved55_DriverIRQHandler
                0x000000000000022c                HASHCRYPT_DriverIRQHandler
                0x000000000000022c                USB0_NEEDCLK_DriverIRQHandler
                0x000000000000022c                CTIMER0_DriverIRQHandler
                0x000000000000022c                CTIMER1_DriverIRQHandler
                0x000000000000022c                PIN_INT6_DriverIRQHandler
                0x000000000000022c                PQ_DriverIRQHandler
                0x000000000000022c                MAILBOX_DriverIRQHandler
                0x000000000000022c                PIN_INT1_DriverIRQHandler
                0x000000000000022c                CTIMER3_DriverIRQHandler
                0x000000000000022c                Reserved61_DriverIRQHandler
                0x000000000000022c                SEC_GPIO_INT0_IRQ1_DriverIRQHandler
                0x000000000000022c                PUF_DriverIRQHandler
                0x000000000000022c                RTC_DriverIRQHandler
                0x000000000000022c                USB1_DriverIRQHandler
                0x000000000000022c                Reserved60_DriverIRQHandler
                0x000000000000022c                ADC0_DriverIRQHandler
                0x000000000000022c                USB1_NEEDCLK_DriverIRQHandler
                0x000000000000022c                Reserved59_DriverIRQHandler
                0x000000000000022c                SDIO_DriverIRQHandler
                0x000000000000022c                GINT0_DriverIRQHandler
                0x000000000000022c                USB1_PHY_DriverIRQHandler
                0x000000000000022c                ACMP_DriverIRQHandler
                0x000000000000022c                Reserved57_DriverIRQHandler
                0x000000000000022c                Reserved46_DriverIRQHandler
                0x000000000000022c                WDT_BOD_DriverIRQHandler
                0x000000000000022c                SCT0_DriverIRQHandler
                0x000000000000022c                PLU_DriverIRQHandler
                0x000000000000022c                OS_EVENT_DriverIRQHandler
                0x000000000000022c                SEC_HYPERVISOR_CALL_DriverIRQHandler
 *(SORT_BY_ALIGNMENT(.text*))
 *fill*         0x000000000000022e        0x2 ff
 .text.DbgConsole_ConvertFloatRadixNumToString
                0x0000000000000230      0x2a0 ./utilities/fsl_debug_console.o
 .text.pow      0x00000000000004d0      0x55c /usr/local/mcuxpressoide-11.8.1_1197/ide/plugins/com.nxp.mcuxpresso.tools.linux_11.8.1.202308071233/tools/bin/../lib/gcc/arm-none-eabi/12.2.1/../../../../arm-none-eabi/lib/thumb/v8-m.main+fp/hard/libcr_c.a(pow.o)
                0x00000000000004d0                pow
 *fill*         0x0000000000000a2c        0x4 ff
 .text.frexp    0x0000000000000a30       0x70 /usr/local/mcuxpressoide-11.8.1_1197/ide/plugins/com.nxp.mcuxpresso.tools.linux_11.8.1.202308071233/tools/bin/../lib/gcc/arm-none-eabi/12.2.1/../../../../arm-none-eabi/lib/thumb/v8-m.main+fp/hard/libcr_c.a(frexp.o)
                0x0000000000000a30                frexp
 .text.ldexp    0x0000000000000aa0       0x5c /usr/local/mcuxpressoide-11.8.1_1197/ide/plugins/com.nxp.mcuxpresso.tools.linux_11.8.1.202308071233/tools/bin/../lib/gcc/arm-none-eabi/12.2.1/../../../../arm-none-eabi/lib/thumb/v8-m.main+fp/hard/libcr_c.a(ldexp.o)
                0x0000000000000aa0                ldexp
 .text.__assertion_failed
                0x0000000000000afc       0x18 ./utilities/fsl_assert.o
                0x0000000000000afc                __assertion_failed
 .text.DbgConsole_Init
                0x0000000000000b14       0x88 ./utilities/fsl_debug_console.o
                0x0000000000000b14                DbgConsole_Init
 .text.DbgConsole_Vprintf
                0x0000000000000b9c       0x3c ./utilities/fsl_debug_console.o
                0x0000000000000b9c                DbgConsole_Vprintf
 .text.DbgConsole_Putchar
                0x0000000000000bd8       0x30 ./utilities/fsl_debug_console.o
                0x0000000000000bd8                DbgConsole_Putchar
 .text.DbgConsole_PrintfFormattedData
                0x0000000000000c08      0xb68 ./utilities/fsl_debug_console.o
 .text          0x0000000000001770       0xa0 ./utilities/fsl_memcpy.o
                0x0000000000001770                memcpy
 .text.OverdriveInit
                0x0000000000001810       0x78 ./source/Effects.o
                0x0000000000001810                OverdriveInit
 .text.TremoloInit
                0x0000000000001888       0x30 ./source/Effects.o
                0x0000000000001888                TremoloInit
 .text.FuzzInit
                0x00000000000018b8       0x30 ./source/Effects.o
                0x00000000000018b8                FuzzInit
 .text.Fuzz     0x00000000000018e8      0x108 ./source/Effects.o
                0x00000000000018e8                Fuzz
 .text.DelayInit
                0x00000000000019f0       0x70 ./source/Effects.o
                0x00000000000019f0                DelayInit
 .text.__NVIC_EnableIRQ
                0x0000000000001a60       0x3c ./source/i2s_dma_record_playback.o
 .text.__NVIC_ClearPendingIRQ
                0x0000000000001a9c       0x3c ./source/i2s_dma_record_playback.o
 .text.DMA_EnableChannel
                0x0000000000001ad8       0x58 ./source/i2s_dma_record_playback.o
 .text.DMA_SetChannelPriority
                0x0000000000001b30       0x4c ./source/i2s_dma_record_playback.o
 .text.POWER_SetBodVbatLevel
                0x0000000000001b7c       0x58 ./source/i2s_dma_record_playback.o
 .text.BOARD_InitSysctrl
                0x0000000000001bd4       0x5c ./source/i2s_dma_record_playback.o
                0x0000000000001bd4                BOARD_InitSysctrl
 .text.Processing
                0x0000000000001c30       0x18 ./source/i2s_dma_record_playback.o
                0x0000000000001c30                Processing
 .text.main     0x0000000000001c48      0x2bc ./source/i2s_dma_record_playback.o
                0x0000000000001c48                main
 .text.StartDigitalLoopback
                0x0000000000001f04       0xb4 ./source/i2s_dma_record_playback.o
 .text.TxCallback
                0x0000000000001fb8       0x30 ./source/i2s_dma_record_playback.o
 .text.RxCallback
                0x0000000000001fe8       0x30 ./source/i2s_dma_record_playback.o
 .text.POWER_EnablePD
                0x0000000000002018       0x20 ./drivers/fsl_clock.o
 .text.POWER_DisablePD
                0x0000000000002038       0x20 ./drivers/fsl_clock.o
 .text.CLOCK_AttachClk
                0x0000000000002058       0xa0 ./drivers/fsl_clock.o
                0x0000000000002058                CLOCK_AttachClk
 .text.CLOCK_SetClkDiv
                0x00000000000020f8       0x80 ./drivers/fsl_clock.o
                0x00000000000020f8                CLOCK_SetClkDiv
 .text.CLOCK_SetupFROClocking
                0x0000000000002178       0x80 ./drivers/fsl_clock.o
                0x0000000000002178                CLOCK_SetupFROClocking
 .text.CLOCK_SetFLASHAccessCyclesForFreq
                0x00000000000021f8      0x17c ./drivers/fsl_clock.o
                0x00000000000021f8                CLOCK_SetFLASHAccessCyclesForFreq
 .text.CLOCK_GetFro1MFreq
                0x0000000000002374       0x28 ./drivers/fsl_clock.o
                0x0000000000002374                CLOCK_GetFro1MFreq
 .text.CLOCK_GetExtClkFreq
                0x000000000000239c       0x2c ./drivers/fsl_clock.o
                0x000000000000239c                CLOCK_GetExtClkFreq
 .text.CLOCK_GetPll0OutFreq
                0x00000000000023c8       0x18 ./drivers/fsl_clock.o
                0x00000000000023c8                CLOCK_GetPll0OutFreq
 .text.CLOCK_GetOsc32KFreq
                0x00000000000023e0       0x58 ./drivers/fsl_clock.o
                0x00000000000023e0                CLOCK_GetOsc32KFreq
 .text.CLOCK_GetPLL0InClockRate
                0x0000000000002438       0x64 ./drivers/fsl_clock.o
                0x0000000000002438                CLOCK_GetPLL0InClockRate
 .text.CLOCK_SetPLL0Freq
                0x000000000000249c      0x14c ./drivers/fsl_clock.o
                0x000000000000249c                CLOCK_SetPLL0Freq
 .text.SDK_DelayAtLeastUs
                0x00000000000025e8       0x8c ./drivers/fsl_common_arm.o
                0x00000000000025e8                SDK_DelayAtLeastUs
 .text.__NVIC_EnableIRQ
                0x0000000000002674       0x3c ./drivers/fsl_dma.o
 .text.DMA_EnableChannelInterrupts
                0x00000000000026b0       0x58 ./drivers/fsl_dma.o
 .text.DMA_EnableChannel
                0x0000000000002708       0x58 ./drivers/fsl_dma.o
 .text.DMA_DisableChannel
                0x0000000000002760       0x58 ./drivers/fsl_dma.o
 .text.DMA_GetInstance
                0x00000000000027b8       0x4c ./drivers/fsl_dma.o
 .text.DMA_Init
                0x0000000000002804       0x68 ./drivers/fsl_dma.o
                0x0000000000002804                DMA_Init
 .text.DMA_SetupDescriptor
                0x000000000000286c      0x124 ./drivers/fsl_dma.o
                0x000000000000286c                DMA_SetupDescriptor
 .text.DMA_AbortTransfer
                0x0000000000002990       0xa8 ./drivers/fsl_dma.o
                0x0000000000002990                DMA_AbortTransfer
 .text.DMA_CreateHandle
                0x0000000000002a38       0x88 ./drivers/fsl_dma.o
                0x0000000000002a38                DMA_CreateHandle
 .text.DMA_SetCallback
                0x0000000000002ac0       0x30 ./drivers/fsl_dma.o
                0x0000000000002ac0                DMA_SetCallback
 .text.DMA_SubmitChannelTransferParameter
                0x0000000000002af0       0x84 ./drivers/fsl_dma.o
                0x0000000000002af0                DMA_SubmitChannelTransferParameter
 .text.DMA_StartTransfer
                0x0000000000002b74       0x80 ./drivers/fsl_dma.o
                0x0000000000002b74                DMA_StartTransfer
 .text.DMA_IRQHandle
                0x0000000000002bf4      0x1c4 ./drivers/fsl_dma.o
                0x0000000000002bf4                DMA_IRQHandle
 .text.DMA0_DriverIRQHandler
                0x0000000000002db8       0x14 ./drivers/fsl_dma.o
                0x0000000000002db8                DMA0_DriverIRQHandler
 .text.DMA1_DriverIRQHandler
                0x0000000000002dcc       0x14 ./drivers/fsl_dma.o
                0x0000000000002dcc                DMA1_DriverIRQHandler
 .text.FLEXCOMM_GetInstance
                0x0000000000002de0       0x50 ./drivers/fsl_flexcomm.o
                0x0000000000002de0                FLEXCOMM_GetInstance
 .text.FLEXCOMM_Init
                0x0000000000002e30       0x50 ./drivers/fsl_flexcomm.o
                0x0000000000002e30                FLEXCOMM_Init
 .text.FLEXCOMM0_DriverIRQHandler
                0x0000000000002e80       0x5c ./drivers/fsl_flexcomm.o
                0x0000000000002e80                FLEXCOMM0_DriverIRQHandler
 .text.FLEXCOMM1_DriverIRQHandler
                0x0000000000002edc       0x5c ./drivers/fsl_flexcomm.o
                0x0000000000002edc                FLEXCOMM1_DriverIRQHandler
 .text.FLEXCOMM2_DriverIRQHandler
                0x0000000000002f38       0x5c ./drivers/fsl_flexcomm.o
                0x0000000000002f38                FLEXCOMM2_DriverIRQHandler
 .text.FLEXCOMM3_DriverIRQHandler
                0x0000000000002f94       0x5c ./drivers/fsl_flexcomm.o
                0x0000000000002f94                FLEXCOMM3_DriverIRQHandler
 .text.FLEXCOMM4_DriverIRQHandler
                0x0000000000002ff0       0x5c ./drivers/fsl_flexcomm.o
                0x0000000000002ff0                FLEXCOMM4_DriverIRQHandler
 .text.FLEXCOMM5_DriverIRQHandler
                0x000000000000304c       0x5c ./drivers/fsl_flexcomm.o
                0x000000000000304c                FLEXCOMM5_DriverIRQHandler
 .text.FLEXCOMM6_DriverIRQHandler
                0x00000000000030a8       0x5c ./drivers/fsl_flexcomm.o
                0x00000000000030a8                FLEXCOMM6_DriverIRQHandler
 .text.FLEXCOMM7_DriverIRQHandler
                0x0000000000003104       0x5c ./drivers/fsl_flexcomm.o
                0x0000000000003104                FLEXCOMM7_DriverIRQHandler
 .text.FLEXCOMM8_DriverIRQHandler
                0x0000000000003160       0x5c ./drivers/fsl_flexcomm.o
                0x0000000000003160                FLEXCOMM8_DriverIRQHandler
 .text.I2C_ClearStatusFlags
                0x00000000000031bc       0x2c ./drivers/fsl_i2c.o
 .text.I2C_MasterGetDefaultConfig
                0x00000000000031e8       0x38 ./drivers/fsl_i2c.o
                0x00000000000031e8                I2C_MasterGetDefaultConfig
 .text.I2C_MasterSetBaudRate
                0x0000000000003220      0x13c ./drivers/fsl_i2c.o
                0x0000000000003220                I2C_MasterSetBaudRate
 .text.I2C_MasterSetTimeoutValue
                0x000000000000335c       0x84 ./drivers/fsl_i2c.o
                0x000000000000335c                I2C_MasterSetTimeoutValue
 .text.I2C_PendingStatusWait
                0x00000000000033e0       0x74 ./drivers/fsl_i2c.o
 .text.I2C_MasterWriteBlocking
                0x0000000000003454       0xe4 ./drivers/fsl_i2c.o
                0x0000000000003454                I2C_MasterWriteBlocking
 .text.I2C_MasterReadBlocking
                0x0000000000003538       0xcc ./drivers/fsl_i2c.o
                0x0000000000003538                I2C_MasterReadBlocking
 .text.I2C_MasterTransferBlocking
                0x0000000000003604      0x178 ./drivers/fsl_i2c.o
                0x0000000000003604                I2C_MasterTransferBlocking
 .text.I2S_EmptyTxFifo
                0x000000000000377c       0x84 ./drivers/fsl_i2s.o
                0x000000000000377c                I2S_EmptyTxFifo
 .text.I2S_Config
                0x0000000000003800       0xf0 ./drivers/fsl_i2s.o
 .text.DMA_EnableChannelInterrupts
                0x00000000000038f0       0x58 ./drivers/fsl_i2s_dma.o
 .text.DMA_DisableChannelInterrupts
                0x0000000000003948       0x58 ./drivers/fsl_i2s_dma.o
 .text.DMA_EnableChannelPeriphRq
                0x00000000000039a0       0x40 ./drivers/fsl_i2s_dma.o
 .text.DMA_SetChannelXferConfig
                0x00000000000039e0       0xb4 ./drivers/fsl_i2s_dma.o
 .text.I2S_EnqueueUserBuffer
                0x0000000000003a94      0x134 ./drivers/fsl_i2s_dma.o
 .text.I2S_GetInstance
                0x0000000000003bc8       0x44 ./drivers/fsl_i2s_dma.o
 .text.I2S_TxTransferCreateHandleDMA
                0x0000000000003c0c       0xd0 ./drivers/fsl_i2s_dma.o
                0x0000000000003c0c                I2S_TxTransferCreateHandleDMA
 .text.I2S_TransferAbortDMA
                0x0000000000003cdc       0xe8 ./drivers/fsl_i2s_dma.o
                0x0000000000003cdc                I2S_TransferAbortDMA
 .text.I2S_GetTransferBytes
                0x0000000000003dc4       0x64 ./drivers/fsl_i2s_dma.o
 .text.I2S_StartTransferDMA
                0x0000000000003e28      0x1fc ./drivers/fsl_i2s_dma.o
 .text.I2S_AddTransferDMA
                0x0000000000004024      0x1e4 ./drivers/fsl_i2s_dma.o
 .text.lowpower_set_system_voltage
                0x0000000000004208      0x154 ./drivers/fsl_power.o
 .text.lowpower_set_dcdc_power_profile
                0x000000000000435c       0xec ./drivers/fsl_power.o
 .text.lowpower_get_part_process_corner
                0x0000000000004448       0x94 ./drivers/fsl_power.o
 .text.POWER_SetVoltageForFreq
                0x00000000000044dc       0x50 ./drivers/fsl_power.o
                0x00000000000044dc                POWER_SetVoltageForFreq
 .text.RESET_SetPeripheralReset
                0x000000000000452c       0x5c ./drivers/fsl_reset.o
                0x000000000000452c                RESET_SetPeripheralReset
 .text.RESET_ClearPeripheralReset
                0x0000000000004588       0x60 ./drivers/fsl_reset.o
                0x0000000000004588                RESET_ClearPeripheralReset
 .text.SYSCTL_GetInstance
                0x00000000000045e8       0x40 ./drivers/fsl_sysctl.o
 .text.USART_Init
                0x0000000000004628      0x1cc ./drivers/fsl_usart.o
                0x0000000000004628                USART_Init
 .text.USART_GetDefaultConfig
                0x00000000000047f4       0x80 ./drivers/fsl_usart.o
                0x00000000000047f4                USART_GetDefaultConfig
 .text.USART_SetBaudRate
                0x0000000000004874      0x18c ./drivers/fsl_usart.o
                0x0000000000004874                USART_SetBaudRate
 .text.USART_WriteBlocking
                0x0000000000004a00       0x8c ./drivers/fsl_usart.o
                0x0000000000004a00                USART_WriteBlocking
 .text.USART_ReadBlocking
                0x0000000000004a8c      0x104 ./drivers/fsl_usart.o
                0x0000000000004a8c                USART_ReadBlocking
 .text.SystemInit
                0x0000000000004b90       0x64 ./device/system_LPC55S69_cm33_core0.o
                0x0000000000004b90                SystemInit
 .text.HAL_UartInitCommon
                0x0000000000004bf4      0x110 ./component/uart/fsl_adapter_usart.o
 .text.HAL_UartReceiveBlocking
                0x0000000000004d04       0x6c ./component/uart/fsl_adapter_usart.o
                0x0000000000004d04                HAL_UartReceiveBlocking
 .text.HAL_UartSendBlocking
                0x0000000000004d70       0x64 ./component/uart/fsl_adapter_usart.o
                0x0000000000004d70                HAL_UartSendBlocking
 .text.HAL_I2cGetStatus
                0x0000000000004dd4       0xa8 ./component/i2c/fsl_adapter_flexcomm_i2c.o
 .text.HAL_I2cMasterInit
                0x0000000000004e7c       0x78 ./component/i2c/fsl_adapter_flexcomm_i2c.o
                0x0000000000004e7c                HAL_I2cMasterInit
 .text.HAL_I2cMasterTransferBlocking
                0x0000000000004ef4       0x94 ./component/i2c/fsl_adapter_flexcomm_i2c.o
                0x0000000000004ef4                HAL_I2cMasterTransferBlocking
 .text.HAL_CODEC_WM8904_Init
                0x0000000000004f88       0x4c ./codec/port/wm8904/fsl_codec_wm8904_adapter.o
                0x0000000000004f88                HAL_CODEC_WM8904_Init
 .text.HAL_CODEC_WM8904_SetVolume
                0x0000000000004fd4       0xd8 ./codec/port/wm8904/fsl_codec_wm8904_adapter.o
                0x0000000000004fd4                HAL_CODEC_WM8904_SetVolume
 .text.CODEC_Init
                0x00000000000050ac       0x38 ./codec/fsl_codec_common.o
                0x00000000000050ac                CODEC_Init
 .text.CODEC_SetVolume
                0x00000000000050e4       0x74 ./codec/fsl_codec_common.o
                0x00000000000050e4                CODEC_SetVolume
 .text.WM8904_WriteRegister
                0x0000000000005158       0x64 ./codec/fsl_wm8904.o
                0x0000000000005158                WM8904_WriteRegister
 .text.WM8904_ReadRegister
                0x00000000000051bc       0x70 ./codec/fsl_wm8904.o
                0x00000000000051bc                WM8904_ReadRegister
 .text.WM8904_Init
                0x000000000000522c      0x3d8 ./codec/fsl_wm8904.o
                0x000000000000522c                WM8904_Init
 .text.WM8904_SetMasterClock
                0x0000000000005604      0x434 ./codec/fsl_wm8904.o
                0x0000000000005604                WM8904_SetMasterClock
 .text.WM8904_SetFLLConfig
                0x0000000000005a38      0x238 ./codec/fsl_wm8904.o
                0x0000000000005a38                WM8904_SetFLLConfig
 .text.WM8904_CheckAudioFormat
                0x0000000000005c70      0x210 ./codec/fsl_wm8904.o
                0x0000000000005c70                WM8904_CheckAudioFormat
 .text.WM8904_SetChannelVolume
                0x0000000000005e80       0xb4 ./codec/fsl_wm8904.o
                0x0000000000005e80                WM8904_SetChannelVolume
 .text.WM8904_SetRecord
                0x0000000000005f34       0xd0 ./codec/fsl_wm8904.o
                0x0000000000005f34                WM8904_SetRecord
 .text.BOARD_InitDebugConsole
                0x0000000000006004       0x38 ./board/board.o
                0x0000000000006004                BOARD_InitDebugConsole
 .text.POWER_DisablePD
                0x000000000000603c       0x20 ./board/clock_config.o
 .text.BOARD_BootClockFROHF96M
                0x000000000000605c       0x58 ./board/clock_config.o
                0x000000000000605c                BOARD_BootClockFROHF96M
 .text.BOARD_InitPins
                0x00000000000060b4       0xe0 ./board/pin_mux.o
                0x00000000000060b4                BOARD_InitPins
 .text.expf     0x0000000000006194      0x10c /usr/local/mcuxpressoide-11.8.1_1197/ide/plugins/com.nxp.mcuxpresso.tools.linux_11.8.1.202308071233/tools/bin/../lib/gcc/arm-none-eabi/12.2.1/../../../../arm-none-eabi/lib/thumb/v8-m.main+fp/hard/libcr_c.a(expf.o)
                0x0000000000006194                expf
 .text.floorf   0x00000000000062a0       0x60 /usr/local/mcuxpressoide-11.8.1_1197/ide/plugins/com.nxp.mcuxpresso.tools.linux_11.8.1.202308071233/tools/bin/../lib/gcc/arm-none-eabi/12.2.1/../../../../arm-none-eabi/lib/thumb/v8-m.main+fp/hard/libcr_c.a(floorf.o)
                0x00000000000062a0                floorf
 .text.ldexpf   0x0000000000006300       0x40 /usr/local/mcuxpressoide-11.8.1_1197/ide/plugins/com.nxp.mcuxpresso.tools.linux_11.8.1.202308071233/tools/bin/../lib/gcc/arm-none-eabi/12.2.1/../../../../arm-none-eabi/lib/thumb/v8-m.main+fp/hard/libcr_c.a(ldexpf.o)
                0x0000000000006300                ldexpf
 .text._initio  0x0000000000006340       0x78 /usr/local/mcuxpressoide-11.8.1_1197/ide/plugins/com.nxp.mcuxpresso.tools.linux_11.8.1.202308071233/tools/bin/../lib/gcc/arm-none-eabi/12.2.1/../../../../arm-none-eabi/lib/thumb/v8-m.main+fp/hard/libcr_c.a(initio.o)
                0x0000000000006340                _initio
 .text.modf     0x00000000000063b8       0x94 /usr/local/mcuxpressoide-11.8.1_1197/ide/plugins/com.nxp.mcuxpresso.tools.linux_11.8.1.202308071233/tools/bin/../lib/gcc/arm-none-eabi/12.2.1/../../../../arm-none-eabi/lib/thumb/v8-m.main+fp/hard/libcr_c.a(modf.o)
                0x00000000000063b8                modf
 .text._Cwritebuf
                0x000000000000644c       0x6c /usr/local/mcuxpressoide-11.8.1_1197/ide/plugins/com.nxp.mcuxpresso.tools.linux_11.8.1.202308071233/tools/bin/../lib/gcc/arm-none-eabi/12.2.1/../../../../arm-none-eabi/lib/thumb/v8-m.main+fp/hard/libcr_c.a(_writebuf.o)
                0x000000000000644c                _Cwritebuf
 .text.fflush   0x00000000000064b8       0x3c /usr/local/mcuxpressoide-11.8.1_1197/ide/plugins/com.nxp.mcuxpresso.tools.linux_11.8.1.202308071233/tools/bin/../lib/gcc/arm-none-eabi/12.2.1/../../../../arm-none-eabi/lib/thumb/v8-m.main+fp/hard/libcr_c.a(fflush.o)
                0x00000000000064b8                fflush
 .text.fseek    0x00000000000064f4       0xf8 /usr/local/mcuxpressoide-11.8.1_1197/ide/plugins/com.nxp.mcuxpresso.tools.linux_11.8.1.202308071233/tools/bin/../lib/gcc/arm-none-eabi/12.2.1/../../../../arm-none-eabi/lib/thumb/v8-m.main+fp/hard/libcr_c.a(fseek.o)
                0x00000000000064f4                fseek
 .text.ftell    0x00000000000065ec       0x44 /usr/local/mcuxpressoide-11.8.1_1197/ide/plugins/com.nxp.mcuxpresso.tools.linux_11.8.1.202308071233/tools/bin/../lib/gcc/arm-none-eabi/12.2.1/../../../../arm-none-eabi/lib/thumb/v8-m.main+fp/hard/libcr_c.a(ftell.o)
                0x00000000000065ec                ftell
 .text.__aeabi_dmul
                0x0000000000006630       0xfc /usr/local/mcuxpressoide-11.8.1_1197/ide/plugins/com.nxp.mcuxpresso.tools.linux_11.8.1.202308071233/tools/bin/../lib/gcc/arm-none-eabi/12.2.1/thumb/v8-m.main+fp/hard/libcr_eabihelpers.a(double.o)
                0x0000000000006630                __aeabi_dmul
 .text.__aeabi_ddiv
                0x000000000000672c      0x130 /usr/local/mcuxpressoide-11.8.1_1197/ide/plugins/com.nxp.mcuxpresso.tools.linux_11.8.1.202308071233/tools/bin/../lib/gcc/arm-none-eabi/12.2.1/thumb/v8-m.main+fp/hard/libcr_eabihelpers.a(double.o)
                0x000000000000672c                __aeabi_ddiv
 .text.__aeabi_dsub
                0x000000000000685c      0x1b4 /usr/local/mcuxpressoide-11.8.1_1197/ide/plugins/com.nxp.mcuxpresso.tools.linux_11.8.1.202308071233/tools/bin/../lib/gcc/arm-none-eabi/12.2.1/thumb/v8-m.main+fp/hard/libcr_eabihelpers.a(double.o)
                0x000000000000685c                __aeabi_dsub
 .text.__aeabi_dadd
                0x0000000000006a10      0x13c /usr/local/mcuxpressoide-11.8.1_1197/ide/plugins/com.nxp.mcuxpresso.tools.linux_11.8.1.202308071233/tools/bin/../lib/gcc/arm-none-eabi/12.2.1/thumb/v8-m.main+fp/hard/libcr_eabihelpers.a(double.o)
                0x0000000000006a10                __aeabi_dadd
 .text.DbgConsole_Printf
                0x0000000000006b4c       0x2c ./utilities/fsl_debug_console.o
                0x0000000000006b4c                DbgConsole_Printf
 .text.DbgConsole_PrintfPaddingCharacter
                0x0000000000006b78       0x40 ./utilities/fsl_debug_console.o
 .text.DbgConsole_ConvertRadixNumToString
                0x0000000000006bb8      0x2b0 ./utilities/fsl_debug_console.o
 .text.WDT_BOD_IRQHandler
                0x0000000000006e68        0x8 ./startup/startup_lpc55s69_cm33_core0.o
                0x0000000000006e68                WDT_BOD_IRQHandler
 .text.DMA0_IRQHandler
                0x0000000000006e70        0x8 ./startup/startup_lpc55s69_cm33_core0.o
                0x0000000000006e70                DMA0_IRQHandler
 .text.GINT0_IRQHandler
                0x0000000000006e78        0x8 ./startup/startup_lpc55s69_cm33_core0.o
                0x0000000000006e78                GINT0_IRQHandler
 .text.GINT1_IRQHandler
                0x0000000000006e80        0x8 ./startup/startup_lpc55s69_cm33_core0.o
                0x0000000000006e80                GINT1_IRQHandler
 .text.PIN_INT0_IRQHandler
                0x0000000000006e88        0x8 ./startup/startup_lpc55s69_cm33_core0.o
                0x0000000000006e88                PIN_INT0_IRQHandler
 .text.PIN_INT1_IRQHandler
                0x0000000000006e90        0x8 ./startup/startup_lpc55s69_cm33_core0.o
                0x0000000000006e90                PIN_INT1_IRQHandler
 .text.PIN_INT2_IRQHandler
                0x0000000000006e98        0x8 ./startup/startup_lpc55s69_cm33_core0.o
                0x0000000000006e98                PIN_INT2_IRQHandler
 .text.PIN_INT3_IRQHandler
                0x0000000000006ea0        0x8 ./startup/startup_lpc55s69_cm33_core0.o
                0x0000000000006ea0                PIN_INT3_IRQHandler
 .text.UTICK0_IRQHandler
                0x0000000000006ea8        0x8 ./startup/startup_lpc55s69_cm33_core0.o
                0x0000000000006ea8                UTICK0_IRQHandler
 .text.MRT0_IRQHandler
                0x0000000000006eb0        0x8 ./startup/startup_lpc55s69_cm33_core0.o
                0x0000000000006eb0                MRT0_IRQHandler
 .text.CTIMER0_IRQHandler
                0x0000000000006eb8        0x8 ./startup/startup_lpc55s69_cm33_core0.o
                0x0000000000006eb8                CTIMER0_IRQHandler
 .text.CTIMER1_IRQHandler
                0x0000000000006ec0        0x8 ./startup/startup_lpc55s69_cm33_core0.o
                0x0000000000006ec0                CTIMER1_IRQHandler
 .text.SCT0_IRQHandler
                0x0000000000006ec8        0x8 ./startup/startup_lpc55s69_cm33_core0.o
                0x0000000000006ec8                SCT0_IRQHandler
 .text.CTIMER3_IRQHandler
                0x0000000000006ed0        0x8 ./startup/startup_lpc55s69_cm33_core0.o
                0x0000000000006ed0                CTIMER3_IRQHandler
 .text.FLEXCOMM0_IRQHandler
                0x0000000000006ed8        0x8 ./startup/startup_lpc55s69_cm33_core0.o
                0x0000000000006ed8                FLEXCOMM0_IRQHandler
 .text.FLEXCOMM1_IRQHandler
                0x0000000000006ee0        0x8 ./startup/startup_lpc55s69_cm33_core0.o
                0x0000000000006ee0                FLEXCOMM1_IRQHandler
 .text.FLEXCOMM2_IRQHandler
                0x0000000000006ee8        0x8 ./startup/startup_lpc55s69_cm33_core0.o
                0x0000000000006ee8                FLEXCOMM2_IRQHandler
 .text.FLEXCOMM3_IRQHandler
                0x0000000000006ef0        0x8 ./startup/startup_lpc55s69_cm33_core0.o
                0x0000000000006ef0                FLEXCOMM3_IRQHandler
 .text.FLEXCOMM4_IRQHandler
                0x0000000000006ef8        0x8 ./startup/startup_lpc55s69_cm33_core0.o
                0x0000000000006ef8                FLEXCOMM4_IRQHandler
 .text.FLEXCOMM5_IRQHandler
                0x0000000000006f00        0x8 ./startup/startup_lpc55s69_cm33_core0.o
                0x0000000000006f00                FLEXCOMM5_IRQHandler
 .text.FLEXCOMM6_IRQHandler
                0x0000000000006f08        0x8 ./startup/startup_lpc55s69_cm33_core0.o
                0x0000000000006f08                FLEXCOMM6_IRQHandler
 .text.FLEXCOMM7_IRQHandler
                0x0000000000006f10        0x8 ./startup/startup_lpc55s69_cm33_core0.o
                0x0000000000006f10                FLEXCOMM7_IRQHandler
 .text.ADC0_IRQHandler
                0x0000000000006f18        0x8 ./startup/startup_lpc55s69_cm33_core0.o
                0x0000000000006f18                ADC0_IRQHandler
 .text.Reserved39_IRQHandler
                0x0000000000006f20        0x8 ./startup/startup_lpc55s69_cm33_core0.o
                0x0000000000006f20                Reserved39_IRQHandler
 .text.ACMP_IRQHandler
                0x0000000000006f28        0x8 ./startup/startup_lpc55s69_cm33_core0.o
                0x0000000000006f28                ACMP_IRQHandler
 .text.Reserved41_IRQHandler
                0x0000000000006f30        0x8 ./startup/startup_lpc55s69_cm33_core0.o
                0x0000000000006f30                Reserved41_IRQHandler
 .text.Reserved42_IRQHandler
                0x0000000000006f38        0x8 ./startup/startup_lpc55s69_cm33_core0.o
                0x0000000000006f38                Reserved42_IRQHandler
 .text.USB0_NEEDCLK_IRQHandler
                0x0000000000006f40        0x8 ./startup/startup_lpc55s69_cm33_core0.o
                0x0000000000006f40                USB0_NEEDCLK_IRQHandler
 .text.USB0_IRQHandler
                0x0000000000006f48        0x8 ./startup/startup_lpc55s69_cm33_core0.o
                0x0000000000006f48                USB0_IRQHandler
 .text.RTC_IRQHandler
                0x0000000000006f50        0x8 ./startup/startup_lpc55s69_cm33_core0.o
                0x0000000000006f50                RTC_IRQHandler
 .text.Reserved46_IRQHandler
                0x0000000000006f58        0x8 ./startup/startup_lpc55s69_cm33_core0.o
                0x0000000000006f58                Reserved46_IRQHandler
 .text.MAILBOX_IRQHandler
                0x0000000000006f60        0x8 ./startup/startup_lpc55s69_cm33_core0.o
                0x0000000000006f60                MAILBOX_IRQHandler
 .text.PIN_INT4_IRQHandler
                0x0000000000006f68        0x8 ./startup/startup_lpc55s69_cm33_core0.o
                0x0000000000006f68                PIN_INT4_IRQHandler
 .text.PIN_INT5_IRQHandler
                0x0000000000006f70        0x8 ./startup/startup_lpc55s69_cm33_core0.o
                0x0000000000006f70                PIN_INT5_IRQHandler
 .text.PIN_INT6_IRQHandler
                0x0000000000006f78        0x8 ./startup/startup_lpc55s69_cm33_core0.o
                0x0000000000006f78                PIN_INT6_IRQHandler
 .text.PIN_INT7_IRQHandler
                0x0000000000006f80        0x8 ./startup/startup_lpc55s69_cm33_core0.o
                0x0000000000006f80                PIN_INT7_IRQHandler
 .text.CTIMER2_IRQHandler
                0x0000000000006f88        0x8 ./startup/startup_lpc55s69_cm33_core0.o
                0x0000000000006f88                CTIMER2_IRQHandler
 .text.CTIMER4_IRQHandler
                0x0000000000006f90        0x8 ./startup/startup_lpc55s69_cm33_core0.o
                0x0000000000006f90                CTIMER4_IRQHandler
 .text.OS_EVENT_IRQHandler
                0x0000000000006f98        0x8 ./startup/startup_lpc55s69_cm33_core0.o
                0x0000000000006f98                OS_EVENT_IRQHandler
 .text.Reserved55_IRQHandler
                0x0000000000006fa0        0x8 ./startup/startup_lpc55s69_cm33_core0.o
                0x0000000000006fa0                Reserved55_IRQHandler
 .text.Reserved56_IRQHandler
                0x0000000000006fa8        0x8 ./startup/startup_lpc55s69_cm33_core0.o
                0x0000000000006fa8                Reserved56_IRQHandler
 .text.Reserved57_IRQHandler
                0x0000000000006fb0        0x8 ./startup/startup_lpc55s69_cm33_core0.o
                0x0000000000006fb0                Reserved57_IRQHandler
 .text.SDIO_IRQHandler
                0x0000000000006fb8        0x8 ./startup/startup_lpc55s69_cm33_core0.o
                0x0000000000006fb8                SDIO_IRQHandler
 .text.Reserved59_IRQHandler
                0x0000000000006fc0        0x8 ./startup/startup_lpc55s69_cm33_core0.o
                0x0000000000006fc0                Reserved59_IRQHandler
 .text.Reserved60_IRQHandler
                0x0000000000006fc8        0x8 ./startup/startup_lpc55s69_cm33_core0.o
                0x0000000000006fc8                Reserved60_IRQHandler
 .text.Reserved61_IRQHandler
                0x0000000000006fd0        0x8 ./startup/startup_lpc55s69_cm33_core0.o
                0x0000000000006fd0                Reserved61_IRQHandler
 .text.USB1_PHY_IRQHandler
                0x0000000000006fd8        0x8 ./startup/startup_lpc55s69_cm33_core0.o
                0x0000000000006fd8                USB1_PHY_IRQHandler
 .text.USB1_IRQHandler
                0x0000000000006fe0        0x8 ./startup/startup_lpc55s69_cm33_core0.o
                0x0000000000006fe0                USB1_IRQHandler
 .text.USB1_NEEDCLK_IRQHandler
                0x0000000000006fe8        0x8 ./startup/startup_lpc55s69_cm33_core0.o
                0x0000000000006fe8                USB1_NEEDCLK_IRQHandler
 .text.SEC_HYPERVISOR_CALL_IRQHandler
                0x0000000000006ff0        0x8 ./startup/startup_lpc55s69_cm33_core0.o
                0x0000000000006ff0                SEC_HYPERVISOR_CALL_IRQHandler
 .text.SEC_GPIO_INT0_IRQ0_IRQHandler
                0x0000000000006ff8        0x8 ./startup/startup_lpc55s69_cm33_core0.o
                0x0000000000006ff8                SEC_GPIO_INT0_IRQ0_IRQHandler
 .text.SEC_GPIO_INT0_IRQ1_IRQHandler
                0x0000000000007000        0x8 ./startup/startup_lpc55s69_cm33_core0.o
                0x0000000000007000                SEC_GPIO_INT0_IRQ1_IRQHandler
 .text.PLU_IRQHandler
                0x0000000000007008        0x8 ./startup/startup_lpc55s69_cm33_core0.o
                0x0000000000007008                PLU_IRQHandler
 .text.SEC_VIO_IRQHandler
                0x0000000000007010        0x8 ./startup/startup_lpc55s69_cm33_core0.o
                0x0000000000007010                SEC_VIO_IRQHandler
 .text.HASHCRYPT_IRQHandler
                0x0000000000007018        0x8 ./startup/startup_lpc55s69_cm33_core0.o
                0x0000000000007018                HASHCRYPT_IRQHandler
 .text.CASER_IRQHandler
                0x0000000000007020        0x8 ./startup/startup_lpc55s69_cm33_core0.o
                0x0000000000007020                CASER_IRQHandler
 .text.PUF_IRQHandler
                0x0000000000007028        0x8 ./startup/startup_lpc55s69_cm33_core0.o
                0x0000000000007028                PUF_IRQHandler
 .text.PQ_IRQHandler
                0x0000000000007030        0x8 ./startup/startup_lpc55s69_cm33_core0.o
                0x0000000000007030                PQ_IRQHandler
 .text.DMA1_IRQHandler
                0x0000000000007038        0x8 ./startup/startup_lpc55s69_cm33_core0.o
                0x0000000000007038                DMA1_IRQHandler
 .text.FLEXCOMM8_IRQHandler
                0x0000000000007040        0x8 ./startup/startup_lpc55s69_cm33_core0.o
                0x0000000000007040                FLEXCOMM8_IRQHandler
 .text.CLOCK_EnableClock
                0x0000000000007048       0x30 ./source/i2s_dma_record_playback.o
 .text.EnableIRQ
                0x0000000000007078       0x32 ./source/i2s_dma_record_playback.o
 .text.HardFault_Handler
                0x00000000000070aa       0x36 ./source/semihost_hardfault.o
                0x00000000000070aa                HardFault_Handler
 .text.CLOCK_IsPLL0Locked
                0x00000000000070e0       0x24 ./drivers/fsl_clock.o
 .text.findPll0PreDiv
                0x0000000000007104       0x3e ./drivers/fsl_clock.o
 .text.DelayLoop
                0x0000000000007142       0x20 ./drivers/fsl_common_arm.o
 .text.CLOCK_EnableClock
                0x0000000000007162       0x30 ./drivers/fsl_dma.o
 .text.EnableIRQ
                0x0000000000007192       0x32 ./drivers/fsl_dma.o
 .text.DMA_GetVirtualStartChannel
                0x00000000000071c4       0x40 ./drivers/fsl_dma.o
 .text.CLOCK_EnableClock
                0x0000000000007204       0x30 ./drivers/fsl_flexcomm.o
 .text.FLEXCOMM_PeripheralIsPresent
                0x0000000000007234       0x64 ./drivers/fsl_flexcomm.o
 .text.FLEXCOMM_SetPeriph
                0x0000000000007298       0x74 ./drivers/fsl_flexcomm.o
 .text.I2C_MasterEnable
                0x000000000000730c       0x44 ./drivers/fsl_i2c.o
 .text.I2C_MasterRepeatedStart
                0x0000000000007350       0x26 ./drivers/fsl_i2c.o
 .text.I2C_SlaveEnable
                0x0000000000007376       0x44 ./drivers/fsl_i2c.o
 .text.I2C_MasterInit
                0x00000000000073ba       0x6e ./drivers/fsl_i2c.o
                0x00000000000073ba                I2C_MasterInit
 .text.I2C_GetStatusFlags
                0x0000000000007428       0x88 ./drivers/fsl_i2c.o
                0x0000000000007428                I2C_GetStatusFlags
 .text.I2C_MasterStart
                0x00000000000074b0       0x46 ./drivers/fsl_i2c.o
                0x00000000000074b0                I2C_MasterStart
 .text.I2C_MasterStop
                0x00000000000074f6       0x2c ./drivers/fsl_i2c.o
                0x00000000000074f6                I2C_MasterStop
 .text.I2C_MasterCheckStartResponse
                0x0000000000007522       0x40 ./drivers/fsl_i2c.o
 .text.I2S_TxInit
                0x0000000000007562       0x82 ./drivers/fsl_i2s.o
                0x0000000000007562                I2S_TxInit
 .text.I2S_RxInit
                0x00000000000075e4       0x72 ./drivers/fsl_i2s.o
                0x00000000000075e4                I2S_RxInit
 .text.I2S_TxGetDefaultConfig
                0x0000000000007656       0x68 ./drivers/fsl_i2s.o
                0x0000000000007656                I2S_TxGetDefaultConfig
 .text.I2S_RxGetDefaultConfig
                0x00000000000076be       0x68 ./drivers/fsl_i2s.o
                0x00000000000076be                I2S_RxGetDefaultConfig
 .text.I2S_Enable
                0x0000000000007726       0x24 ./drivers/fsl_i2s_dma.o
 .text.I2S_Disable
                0x000000000000774a       0x24 ./drivers/fsl_i2s_dma.o
 .text.I2S_DisableDMAInterrupts
                0x000000000000776e       0x24 ./drivers/fsl_i2s_dma.o
 .text.I2S_EnableDMAInterrupts
                0x0000000000007792       0x2c ./drivers/fsl_i2s_dma.o
 .text.I2S_TxTransferSendDMA
                0x00000000000077be       0x74 ./drivers/fsl_i2s_dma.o
                0x00000000000077be                I2S_TxTransferSendDMA
 .text.I2S_RxTransferCreateHandleDMA
                0x0000000000007832       0x26 ./drivers/fsl_i2s_dma.o
                0x0000000000007832                I2S_RxTransferCreateHandleDMA
 .text.I2S_RxTransferReceiveDMA
                0x0000000000007858       0x74 ./drivers/fsl_i2s_dma.o
                0x0000000000007858                I2S_RxTransferReceiveDMA
 .text.I2S_TxEnableDMA
                0x00000000000078cc       0x50 ./drivers/fsl_i2s_dma.o
 .text.I2S_RxEnableDMA
                0x000000000000791c       0x50 ./drivers/fsl_i2s_dma.o
 .text.I2S_DMACallback
                0x000000000000796c      0x15e ./drivers/fsl_i2s_dma.o
                0x000000000000796c                I2S_DMACallback
 .text.lowpower_set_voltage_for_process
                0x0000000000007aca       0xaa ./drivers/fsl_power.o
 .text.RESET_PeripheralReset
                0x0000000000007b74       0x1c ./drivers/fsl_reset.o
                0x0000000000007b74                RESET_PeripheralReset
 .text.CLOCK_EnableClock
                0x0000000000007b90       0x30 ./drivers/fsl_sysctl.o
 .text.SYSCTL_UpdateRegister
                0x0000000000007bc0       0x36 ./drivers/fsl_sysctl.o
 .text.SYSCTL_Init
                0x0000000000007bf6       0x20 ./drivers/fsl_sysctl.o
                0x0000000000007bf6                SYSCTL_Init
 .text.SYSCTL_SetShareSet
                0x0000000000007c16       0x58 ./drivers/fsl_sysctl.o
                0x0000000000007c16                SYSCTL_SetShareSet
 .text.SYSCTL_SetShareSignalSrc
                0x0000000000007c6e       0x70 ./drivers/fsl_sysctl.o
                0x0000000000007c6e                SYSCTL_SetShareSignalSrc
 .text.USART_EnableContinuousSCLK
                0x0000000000007cde       0x38 ./drivers/fsl_usart.o
 .text.SystemInitHook
                0x0000000000007d16        0xe ./device/system_LPC55S69_cm33_core0.o
                0x0000000000007d16                SystemInitHook
 .text.HAL_UartGetStatus
                0x0000000000007d24       0x22 ./component/uart/fsl_adapter_usart.o
 .text.HAL_UartInit
                0x0000000000007d46       0x36 ./component/uart/fsl_adapter_usart.o
                0x0000000000007d46                HAL_UartInit
 .text.HAL_CODEC_Init
                0x0000000000007d7c       0x1c ./codec/fsl_codec_common.o
 .text.HAL_CODEC_SetVolume
                0x0000000000007d98       0x20 ./codec/fsl_codec_common.o
 .text.CODEC_I2C_Init
                0x0000000000007db8       0x36 ./codec/fsl_codec_i2c.o
                0x0000000000007db8                CODEC_I2C_Init
 .text.CODEC_I2C_Send
                0x0000000000007dee       0x4e ./codec/fsl_codec_i2c.o
                0x0000000000007dee                CODEC_I2C_Send
 .text.CODEC_I2C_Receive
                0x0000000000007e3c       0x4e ./codec/fsl_codec_i2c.o
                0x0000000000007e3c                CODEC_I2C_Receive
 .text.WM8904_UpdateFormat
                0x0000000000007e8a       0x9a ./codec/fsl_wm8904.o
 .text.WM8904_WaitOnWriteSequencer
                0x0000000000007f24       0x36 ./codec/fsl_wm8904.o
 .text.WM8904_ModifyRegister
                0x0000000000007f5a       0x66 ./codec/fsl_wm8904.o
                0x0000000000007f5a                WM8904_ModifyRegister
 .text.WM8904_SetProtocol
                0x0000000000007fc0       0x24 ./codec/fsl_wm8904.o
                0x0000000000007fc0                WM8904_SetProtocol
 .text.WM8904_SetChannelMute
                0x0000000000007fe4       0x9a ./codec/fsl_wm8904.o
                0x0000000000007fe4                WM8904_SetChannelMute
 .text.WM8904_SetDACVolume
                0x000000000000807e       0x4c ./codec/fsl_wm8904.o
                0x000000000000807e                WM8904_SetDACVolume
 .text.WM8904_SetRecordChannel
                0x00000000000080ca      0x18a ./codec/fsl_wm8904.o
                0x00000000000080ca                WM8904_SetRecordChannel
 .text.WM8904_SetPlay
                0x0000000000008254       0x44 ./codec/fsl_wm8904.o
                0x0000000000008254                WM8904_SetPlay
 .text.CLOCK_EnableClock
                0x0000000000008298       0x30 ./board/pin_mux.o
 .text.IOCON_PinMuxSet
                0x00000000000082c8       0x2e ./board/pin_mux.o
 .text.BOARD_InitBootPins
                0x00000000000082f6        0xc ./board/pin_mux.o
                0x00000000000082f6                BOARD_InitBootPins
 .text.__main   0x0000000000008302        0xe /usr/local/mcuxpressoide-11.8.1_1197/ide/plugins/com.nxp.mcuxpresso.tools.linux_11.8.1.202308071233/tools/bin/../lib/gcc/arm-none-eabi/12.2.1/../../../../arm-none-eabi/lib/thumb/v8-m.main+fp/hard/libcr_nohost_nf.a(_cr__main.o)
                0x0000000000008302                __main
 .text.fabsf    0x0000000000008310       0x10 /usr/local/mcuxpressoide-11.8.1_1197/ide/plugins/com.nxp.mcuxpresso.tools.linux_11.8.1.202308071233/tools/bin/../lib/gcc/arm-none-eabi/12.2.1/../../../../arm-none-eabi/lib/thumb/v8-m.main+fp/hard/libcr_c.a(fabsf.o)
                0x0000000000008310                fabsf
 .text.memset   0x0000000000008320        0x4 /usr/local/mcuxpressoide-11.8.1_1197/ide/plugins/com.nxp.mcuxpresso.tools.linux_11.8.1.202308071233/tools/bin/../lib/gcc/arm-none-eabi/12.2.1/../../../../arm-none-eabi/lib/thumb/v8-m.main+fp/hard/libcr_c.a(memset.o)
                0x0000000000008320                memset
 .text.free     0x0000000000008324       0x30 /usr/local/mcuxpressoide-11.8.1_1197/ide/plugins/com.nxp.mcuxpresso.tools.linux_11.8.1.202308071233/tools/bin/../lib/gcc/arm-none-eabi/12.2.1/../../../../arm-none-eabi/lib/thumb/v8-m.main+fp/hard/libcr_c.a(alloc.o)
                0x0000000000008324                free
 .text.setvbuf  0x0000000000008354       0x3e /usr/local/mcuxpressoide-11.8.1_1197/ide/plugins/com.nxp.mcuxpresso.tools.linux_11.8.1.202308071233/tools/bin/../lib/gcc/arm-none-eabi/12.2.1/../../../../arm-none-eabi/lib/thumb/v8-m.main+fp/hard/libcr_c.a(setvbuf.o)
                0x0000000000008354                setvbuf
 .text.strlen   0x0000000000008392       0x4e /usr/local/mcuxpressoide-11.8.1_1197/ide/plugins/com.nxp.mcuxpresso.tools.linux_11.8.1.202308071233/tools/bin/../lib/gcc/arm-none-eabi/12.2.1/../../../../arm-none-eabi/lib/thumb/v8-m.main+fp/hard/libcr_c.a(strlen.o)
                0x0000000000008392                strlen
 .text._deferredlazyseek
                0x00000000000083e0       0x40 /usr/local/mcuxpressoide-11.8.1_1197/ide/plugins/com.nxp.mcuxpresso.tools.linux_11.8.1.202308071233/tools/bin/../lib/gcc/arm-none-eabi/12.2.1/../../../../arm-none-eabi/lib/thumb/v8-m.main+fp/hard/libcr_c.a(_deferredlazyseek.o)
                0x00000000000083e0                _deferredlazyseek
 .text._fdopen  0x0000000000008420       0x68 /usr/local/mcuxpressoide-11.8.1_1197/ide/plugins/com.nxp.mcuxpresso.tools.linux_11.8.1.202308071233/tools/bin/../lib/gcc/arm-none-eabi/12.2.1/../../../../arm-none-eabi/lib/thumb/v8-m.main+fp/hard/libcr_c.a(_fdopen.o)
                0x0000000000008420                _fdopen
 .text._fflush  0x0000000000008488       0x52 /usr/local/mcuxpressoide-11.8.1_1197/ide/plugins/com.nxp.mcuxpresso.tools.linux_11.8.1.202308071233/tools/bin/../lib/gcc/arm-none-eabi/12.2.1/../../../../arm-none-eabi/lib/thumb/v8-m.main+fp/hard/libcr_c.a(_fflush.o)
                0x0000000000008488                _fflush
 .text.fclose   0x00000000000084da       0x58 /usr/local/mcuxpressoide-11.8.1_1197/ide/plugins/com.nxp.mcuxpresso.tools.linux_11.8.1.202308071233/tools/bin/../lib/gcc/arm-none-eabi/12.2.1/../../../../arm-none-eabi/lib/thumb/v8-m.main+fp/hard/libcr_c.a(fclose.o)
                0x00000000000084da                fclose
 .text.remove   0x0000000000008532       0x14 /usr/local/mcuxpressoide-11.8.1_1197/ide/plugins/com.nxp.mcuxpresso.tools.linux_11.8.1.202308071233/tools/bin/../lib/gcc/arm-none-eabi/12.2.1/../../../../arm-none-eabi/lib/thumb/v8-m.main+fp/hard/libcr_c.a(remove.o)
                0x0000000000008532                remove
 .text._do_fflush
                0x0000000000008546       0x40 /usr/local/mcuxpressoide-11.8.1_1197/ide/plugins/com.nxp.mcuxpresso.tools.linux_11.8.1.202308071233/tools/bin/../lib/gcc/arm-none-eabi/12.2.1/../../../../arm-none-eabi/lib/thumb/v8-m.main+fp/hard/libcr_c.a(_do_fflush.o)
                0x0000000000008546                _do_fflush
 .text.__aeabi_division_ldivmod
                0x0000000000008586       0x26 /usr/local/mcuxpressoide-11.8.1_1197/ide/plugins/com.nxp.mcuxpresso.tools.linux_11.8.1.202308071233/tools/bin/../lib/gcc/arm-none-eabi/12.2.1/thumb/v8-m.main+fp/hard/libcr_eabihelpers.a(division_64.o)
                0x0000000000008586                __aeabi_ldivmod
 .text.__aeabi_division_uldivmod
                0x00000000000085ac      0x174 /usr/local/mcuxpressoide-11.8.1_1197/ide/plugins/com.nxp.mcuxpresso.tools.linux_11.8.1.202308071233/tools/bin/../lib/gcc/arm-none-eabi/12.2.1/thumb/v8-m.main+fp/hard/libcr_eabihelpers.a(division_64.o)
                0x00000000000085ac                __aeabi_uldivmod
                0x00000000000085b0                __bhs_ldivmod1
 .text.__aeabi_division_idiv0
                0x0000000000008720        0x2 /usr/local/mcuxpressoide-11.8.1_1197/ide/plugins/com.nxp.mcuxpresso.tools.linux_11.8.1.202308071233/tools/bin/../lib/gcc/arm-none-eabi/12.2.1/thumb/v8-m.main+fp/hard/libcr_eabihelpers.a(division_idiv0.o)
                0x0000000000008720                __aeabi_idiv0
 .text.__aeabi_d2iz
                0x0000000000008722       0x42 /usr/local/mcuxpressoide-11.8.1_1197/ide/plugins/com.nxp.mcuxpresso.tools.linux_11.8.1.202308071233/tools/bin/../lib/gcc/arm-none-eabi/12.2.1/thumb/v8-m.main+fp/hard/libcr_eabihelpers.a(double.o)
                0x0000000000008722                __aeabi_d2iz
 .text.__aeabi_d2lz
                0x0000000000008764       0x8a /usr/local/mcuxpressoide-11.8.1_1197/ide/plugins/com.nxp.mcuxpresso.tools.linux_11.8.1.202308071233/tools/bin/../lib/gcc/arm-none-eabi/12.2.1/thumb/v8-m.main+fp/hard/libcr_eabihelpers.a(double.o)
                0x0000000000008764                __aeabi_d2lz
 .text.__bhs_ui2d
                0x00000000000087ee       0x46 /usr/local/mcuxpressoide-11.8.1_1197/ide/plugins/com.nxp.mcuxpresso.tools.linux_11.8.1.202308071233/tools/bin/../lib/gcc/arm-none-eabi/12.2.1/thumb/v8-m.main+fp/hard/libcr_eabihelpers.a(double.o)
                0x00000000000087ee                __bhs_ui2d
 .text.__bhs_ul2d
                0x0000000000008834       0x8a /usr/local/mcuxpressoide-11.8.1_1197/ide/plugins/com.nxp.mcuxpresso.tools.linux_11.8.1.202308071233/tools/bin/../lib/gcc/arm-none-eabi/12.2.1/thumb/v8-m.main+fp/hard/libcr_eabihelpers.a(double.o)
                0x0000000000008834                __bhs_ul2d
 .text.__aeabi_i2d
                0x00000000000088be       0x10 /usr/local/mcuxpressoide-11.8.1_1197/ide/plugins/com.nxp.mcuxpresso.tools.linux_11.8.1.202308071233/tools/bin/../lib/gcc/arm-none-eabi/12.2.1/thumb/v8-m.main+fp/hard/libcr_eabihelpers.a(double.o)
                0x00000000000088be                __aeabi_i2d
 .text.__aeabi_ui2d
                0x00000000000088ce        0x8 /usr/local/mcuxpressoide-11.8.1_1197/ide/plugins/com.nxp.mcuxpresso.tools.linux_11.8.1.202308071233/tools/bin/../lib/gcc/arm-none-eabi/12.2.1/thumb/v8-m.main+fp/hard/libcr_eabihelpers.a(double.o)
                0x00000000000088ce                __aeabi_ui2d
 .text.__aeabi_l2d
                0x00000000000088d6       0x1c /usr/local/mcuxpressoide-11.8.1_1197/ide/plugins/com.nxp.mcuxpresso.tools.linux_11.8.1.202308071233/tools/bin/../lib/gcc/arm-none-eabi/12.2.1/thumb/v8-m.main+fp/hard/libcr_eabihelpers.a(double.o)
                0x00000000000088d6                __aeabi_l2d
 .text.__aeabi_dcmpeq
                0x00000000000088f2       0x3e /usr/local/mcuxpressoide-11.8.1_1197/ide/plugins/com.nxp.mcuxpresso.tools.linux_11.8.1.202308071233/tools/bin/../lib/gcc/arm-none-eabi/12.2.1/thumb/v8-m.main+fp/hard/libcr_eabihelpers.a(double.o)
                0x00000000000088f2                __aeabi_dcmpeq
 .text.__aeabi_dcmplt
                0x0000000000008930       0x5a /usr/local/mcuxpressoide-11.8.1_1197/ide/plugins/com.nxp.mcuxpresso.tools.linux_11.8.1.202308071233/tools/bin/../lib/gcc/arm-none-eabi/12.2.1/thumb/v8-m.main+fp/hard/libcr_eabihelpers.a(double.o)
                0x0000000000008930                __aeabi_dcmplt
 .text.__aeabi_dcmpgt
                0x000000000000898a       0x56 /usr/local/mcuxpressoide-11.8.1_1197/ide/plugins/com.nxp.mcuxpresso.tools.linux_11.8.1.202308071233/tools/bin/../lib/gcc/arm-none-eabi/12.2.1/thumb/v8-m.main+fp/hard/libcr_eabihelpers.a(double.o)
                0x000000000000898a                __aeabi_dcmpgt
 .text.__aeabi_dcmple
                0x00000000000089e0       0x5a /usr/local/mcuxpressoide-11.8.1_1197/ide/plugins/com.nxp.mcuxpresso.tools.linux_11.8.1.202308071233/tools/bin/../lib/gcc/arm-none-eabi/12.2.1/thumb/v8-m.main+fp/hard/libcr_eabihelpers.a(double.o)
                0x00000000000089e0                __aeabi_dcmple
 .text.__aeabi_dcmpge
                0x0000000000008a3a       0x5a /usr/local/mcuxpressoide-11.8.1_1197/ide/plugins/com.nxp.mcuxpresso.tools.linux_11.8.1.202308071233/tools/bin/../lib/gcc/arm-none-eabi/12.2.1/thumb/v8-m.main+fp/hard/libcr_eabihelpers.a(double.o)
                0x0000000000008a3a                __aeabi_dcmpge
 .text.__aeabi_memset_lowlevel
                0x0000000000008a94       0x32 /usr/local/mcuxpressoide-11.8.1_1197/ide/plugins/com.nxp.mcuxpresso.tools.linux_11.8.1.202308071233/tools/bin/../lib/gcc/arm-none-eabi/12.2.1/thumb/v8-m.main+fp/hard/libcr_eabihelpers.a(memcpy.o)
                0x0000000000008a94                __aeabi_lowlevel_memset
 .text.__sys_close
                0x0000000000008ac6        0x6 /usr/local/mcuxpressoide-11.8.1_1197/ide/plugins/com.nxp.mcuxpresso.tools.linux_11.8.1.202308071233/tools/bin/../lib/gcc/arm-none-eabi/12.2.1/../../../../arm-none-eabi/lib/thumb/v8-m.main+fp/hard/libcr_nohost_nf.a(__sys_close.o)
                0x0000000000008ac6                __sys_close
 .text.__sys_flen
                0x0000000000008acc        0x6 /usr/local/mcuxpressoide-11.8.1_1197/ide/plugins/com.nxp.mcuxpresso.tools.linux_11.8.1.202308071233/tools/bin/../lib/gcc/arm-none-eabi/12.2.1/../../../../arm-none-eabi/lib/thumb/v8-m.main+fp/hard/libcr_nohost_nf.a(__sys_flen.o)
                0x0000000000008acc                __sys_flen
 .text.__sys_istty
                0x0000000000008ad2        0x6 /usr/local/mcuxpressoide-11.8.1_1197/ide/plugins/com.nxp.mcuxpresso.tools.linux_11.8.1.202308071233/tools/bin/../lib/gcc/arm-none-eabi/12.2.1/../../../../arm-none-eabi/lib/thumb/v8-m.main+fp/hard/libcr_nohost_nf.a(__sys_istty.o)
                0x0000000000008ad2                __sys_istty
 .text.__sys_remove
                0x0000000000008ad8        0x6 /usr/local/mcuxpressoide-11.8.1_1197/ide/plugins/com.nxp.mcuxpresso.tools.linux_11.8.1.202308071233/tools/bin/../lib/gcc/arm-none-eabi/12.2.1/../../../../arm-none-eabi/lib/thumb/v8-m.main+fp/hard/libcr_nohost_nf.a(__sys_remove.o)
                0x0000000000008ad8                __sys_remove
 .text.__sys_seek
                0x0000000000008ade        0x6 /usr/local/mcuxpressoide-11.8.1_1197/ide/plugins/com.nxp.mcuxpresso.tools.linux_11.8.1.202308071233/tools/bin/../lib/gcc/arm-none-eabi/12.2.1/../../../../arm-none-eabi/lib/thumb/v8-m.main+fp/hard/libcr_nohost_nf.a(__sys_seek.o)
                0x0000000000008ade                __sys_seek
 .text.__sys_tmpnam
                0x0000000000008ae4        0x6 /usr/local/mcuxpressoide-11.8.1_1197/ide/plugins/com.nxp.mcuxpresso.tools.linux_11.8.1.202308071233/tools/bin/../lib/gcc/arm-none-eabi/12.2.1/../../../../arm-none-eabi/lib/thumb/v8-m.main+fp/hard/libcr_nohost_nf.a(__sys_tmpnam.o)
                0x0000000000008ae4                __sys_tmpnam
 .text.__sys_write
                0x0000000000008aea        0x4 /usr/local/mcuxpressoide-11.8.1_1197/ide/plugins/com.nxp.mcuxpresso.tools.linux_11.8.1.202308071233/tools/bin/../lib/gcc/arm-none-eabi/12.2.1/../../../../arm-none-eabi/lib/thumb/v8-m.main+fp/hard/libcr_nohost_nf.a(__sys_write.o)
                0x0000000000008aea                __sys_write
 *(SORT_BY_ALIGNMENT(.rodata) SORT_BY_ALIGNMENT(.rodata.*) SORT_BY_ALIGNMENT(.constdata) SORT_BY_ALIGNMENT(.constdata.*))
 *fill*         0x0000000000008aee        0x2 ff
 .rodata.a2.0   0x0000000000008af0       0x40 /usr/local/mcuxpressoide-11.8.1_1197/ide/plugins/com.nxp.mcuxpresso.tools.linux_11.8.1.202308071233/tools/bin/../lib/gcc/arm-none-eabi/12.2.1/../../../../arm-none-eabi/lib/thumb/v8-m.main+fp/hard/libcr_c.a(pow.o)
 .rodata.a1.1   0x0000000000008b30       0x88 /usr/local/mcuxpressoide-11.8.1_1197/ide/plugins/com.nxp.mcuxpresso.tools.linux_11.8.1.202308071233/tools/bin/../lib/gcc/arm-none-eabi/12.2.1/../../../../arm-none-eabi/lib/thumb/v8-m.main+fp/hard/libcr_c.a(pow.o)
 .rodata.__assertion_failed.str1.4
                0x0000000000008bb8       0x14 ./utilities/fsl_assert.o
 .rodata.DMA_EnableChannel.str1.4
                0x0000000000008bcc       0xc9 ./source/i2s_dma_record_playback.o
 *fill*         0x0000000000008c95        0x3 ff
 .rodata.DMA_SetChannelPriority.str1.4
                0x0000000000008c98       0xc9 ./source/i2s_dma_record_playback.o
 *fill*         0x0000000000008d61        0x3 ff
 .rodata.main.str1.4
                0x0000000000008d64       0x8c ./source/i2s_dma_record_playback.o
 .rodata.StartDigitalLoopback.str1.4
                0x0000000000008df0       0x19 ./source/i2s_dma_record_playback.o
 *fill*         0x0000000000008e09        0x3 ff
 .rodata.SDK_DelayAtLeastUs.str1.4
                0x0000000000008e0c       0x2b ./drivers/fsl_common_arm.o
 *fill*         0x0000000000008e37        0x1 ff
 .rodata.DMA_EnableChannelInterrupts.str1.4
                0x0000000000008e38       0x85 ./drivers/fsl_dma.o
 .rodata.DMA_EnableChannel.str1.4
                0x0000000000008ebd       0x85 ./drivers/fsl_dma.o
 *fill*         0x0000000000008ebd        0x3 ff
 .rodata.DMA_DisableChannel.str1.4
                0x0000000000008ec0       0x85 ./drivers/fsl_dma.o
 *fill*         0x0000000000008f45        0x3 ff
 .rodata.s_dmaBases
                0x0000000000008f48        0x8 ./drivers/fsl_dma.o
 .rodata.s_dmaClockName
                0x0000000000008f50        0x4 ./drivers/fsl_dma.o
 .rodata.s_dmaResets
                0x0000000000008f54        0x8 ./drivers/fsl_dma.o
 .rodata.s_dmaIRQNumber
                0x0000000000008f5c        0x2 ./drivers/fsl_dma.o
 *fill*         0x0000000000008f5e        0x2 ff
 .rodata.DMA_GetInstance.str1.4
                0x0000000000008f60       0x32 ./drivers/fsl_dma.o
 *fill*         0x0000000000008f92        0x2 ff
 .rodata.DMA_SetupDescriptor.str1.4
                0x0000000000008f94       0x79 ./drivers/fsl_dma.o
 *fill*         0x000000000000900d        0x3 ff
 .rodata.DMA_AbortTransfer.str1.4
                0x0000000000009010       0x1f ./drivers/fsl_dma.o
 *fill*         0x000000000000902f        0x1 ff
 .rodata.DMA_CreateHandle.str1.4
                0x0000000000009030       0x64 ./drivers/fsl_dma.o
 .rodata.DMA_SetCallback.str1.4
                0x0000000000009094       0x1f ./drivers/fsl_dma.o
 *fill*         0x00000000000090b3        0x1 ff
 .rodata.DMA_SubmitChannelTransferParameter.str1.4
                0x00000000000090b4       0xa1 ./drivers/fsl_dma.o
 *fill*         0x0000000000009155        0x3 ff
 .rodata.DMA_StartTransfer.str1.4
                0x0000000000009158       0x76 ./drivers/fsl_dma.o
 *fill*         0x00000000000091ce        0x2 ff
 .rodata.s_flexcommBaseAddrs
                0x00000000000091d0       0x24 ./drivers/fsl_flexcomm.o
 .rodata.s_flexcommClocks
                0x00000000000091f4       0x12 ./drivers/fsl_flexcomm.o
 *fill*         0x0000000000009206        0x2 ff
 .rodata.s_flexcommResets
                0x0000000000009208       0x24 ./drivers/fsl_flexcomm.o
 .rodata.FLEXCOMM_GetInstance.str1.4
                0x000000000000922c       0x42 ./drivers/fsl_flexcomm.o
 *fill*         0x000000000000926e        0x2 ff
 .rodata.FLEXCOMM0_DriverIRQHandler.str1.4
                0x0000000000009270       0x3c ./drivers/fsl_flexcomm.o
 .rodata.FLEXCOMM1_DriverIRQHandler.str1.4
                0x00000000000092ac       0x3c ./drivers/fsl_flexcomm.o
 .rodata.FLEXCOMM2_DriverIRQHandler.str1.4
                0x00000000000092e8       0x3c ./drivers/fsl_flexcomm.o
 .rodata.FLEXCOMM3_DriverIRQHandler.str1.4
                0x0000000000009324       0x3c ./drivers/fsl_flexcomm.o
 .rodata.FLEXCOMM4_DriverIRQHandler.str1.4
                0x0000000000009360       0x3c ./drivers/fsl_flexcomm.o
 .rodata.FLEXCOMM5_DriverIRQHandler.str1.4
                0x000000000000939c       0x3c ./drivers/fsl_flexcomm.o
 .rodata.FLEXCOMM6_DriverIRQHandler.str1.4
                0x00000000000093d8       0x3c ./drivers/fsl_flexcomm.o
 .rodata.FLEXCOMM7_DriverIRQHandler.str1.4
                0x0000000000009414       0x3c ./drivers/fsl_flexcomm.o
 .rodata.FLEXCOMM8_DriverIRQHandler.str1.4
                0x0000000000009450       0x3c ./drivers/fsl_flexcomm.o
 .rodata.I2C_MasterSetTimeoutValue.str1.4
                0x000000000000948c       0x3a ./drivers/fsl_i2c.o
 *fill*         0x00000000000094c6        0x2 ff
 .rodata.I2C_MasterWriteBlocking.str1.4
                0x00000000000094c8       0x1f ./drivers/fsl_i2c.o
 *fill*         0x00000000000094e7        0x1 ff
 .rodata.I2C_MasterReadBlocking.str1.4
                0x00000000000094e8       0x1f ./drivers/fsl_i2c.o
 *fill*         0x0000000000009507        0x1 ff
 .rodata.I2C_MasterTransferBlocking.str1.4
                0x0000000000009508       0x1d ./drivers/fsl_i2c.o
 *fill*         0x0000000000009525        0x3 ff
 .rodata.I2S_Config.str1.4
                0x0000000000009528       0x1f ./drivers/fsl_i2s.o
 .rodata.DMA_EnableChannelInterrupts.str1.4
                0x0000000000009547       0x85 ./drivers/fsl_i2s_dma.o
 *fill*         0x0000000000009547        0x1 ff
 .rodata.DMA_DisableChannelInterrupts.str1.4
                0x0000000000009548       0x85 ./drivers/fsl_i2s_dma.o
 *fill*         0x00000000000095cd        0x3 ff
 .rodata.DMA_EnableChannelPeriphRq.str1.4
                0x00000000000095d0       0x85 ./drivers/fsl_i2s_dma.o
 *fill*         0x0000000000009655        0x3 ff
 .rodata.s_I2sBaseAddrs
                0x0000000000009658       0x20 ./drivers/fsl_i2s_dma.o
 .rodata.I2S_EnqueueUserBuffer.str1.4
                0x0000000000009678       0xbf ./drivers/fsl_i2s_dma.o
 *fill*         0x0000000000009737        0x1 ff
 .rodata.I2S_GetInstance.str1.4
                0x0000000000009738       0x1a ./drivers/fsl_i2s_dma.o
 *fill*         0x0000000000009752        0x2 ff
 .rodata.I2S_TxTransferCreateHandleDMA.str1.4
                0x0000000000009754       0x4a ./drivers/fsl_i2s_dma.o
 *fill*         0x000000000000979e        0x2 ff
 .rodata.I2S_TransferAbortDMA.str1.4
                0x00000000000097a0       0x52 ./drivers/fsl_i2s_dma.o
 *fill*         0x00000000000097f2        0x2 ff
 .rodata.I2S_GetTransferBytes.str1.4
                0x00000000000097f4       0x25 ./drivers/fsl_i2s_dma.o
 *fill*         0x0000000000009819        0x3 ff
 .rodata.RESET_SetPeripheralReset.str1.4
                0x000000000000981c       0x1e ./drivers/fsl_reset.o
 *fill*         0x000000000000983a        0x2 ff
 .rodata.RESET_ClearPeripheralReset.str1.4
                0x000000000000983c       0x1e ./drivers/fsl_reset.o
 *fill*         0x000000000000985a        0x2 ff
 .rodata.SYSCTL_GetInstance.str1.4
                0x000000000000985c       0x36 ./drivers/fsl_sysctl.o
 *fill*         0x0000000000009892        0x2 ff
 .rodata.USART_Init.str1.4
                0x0000000000009894       0x4f ./drivers/fsl_usart.o
 *fill*         0x00000000000098e3        0x1 ff
 .rodata.USART_GetDefaultConfig.str1.4
                0x00000000000098e4       0x21 ./drivers/fsl_usart.o
 *fill*         0x0000000000009905        0x3 ff
 .rodata.USART_SetBaudRate.str1.4
                0x0000000000009908       0x53 ./drivers/fsl_usart.o
 *fill*         0x000000000000995b        0x1 ff
 .rodata.USART_WriteBlocking.str1.4
                0x000000000000995c       0x36 ./drivers/fsl_usart.o
 *fill*         0x0000000000009992        0x2 ff
 .rodata.USART_ReadBlocking.str1.4
                0x0000000000009994       0x36 ./drivers/fsl_usart.o
 *fill*         0x00000000000099ca        0x2 ff
 .rodata.s_UsartAdapterBase
                0x00000000000099cc       0x20 ./component/uart/fsl_adapter_usart.o
 .rodata.HAL_UartInitCommon.str1.4
                0x00000000000099ec       0xeb ./component/uart/fsl_adapter_usart.o
 *fill*         0x0000000000009ad7        0x1 ff
 .rodata.HAL_UartReceiveBlocking.str1.4
                0x0000000000009ad8       0x65 ./component/uart/fsl_adapter_usart.o
 *fill*         0x0000000000009b3d        0x3 ff
 .rodata.HAL_UartSendBlocking.str1.4
                0x0000000000009b40       0x65 ./component/uart/fsl_adapter_usart.o
 *fill*         0x0000000000009ba5        0x3 ff
 .rodata.s_i2cBases
                0x0000000000009ba8       0x20 ./component/i2c/fsl_adapter_flexcomm_i2c.o
 .rodata.HAL_I2cMasterInit.str1.4
                0x0000000000009bc8       0x56 ./component/i2c/fsl_adapter_flexcomm_i2c.o
 *fill*         0x0000000000009c1e        0x2 ff
 .rodata.HAL_I2cMasterTransferBlocking.str1.4
                0x0000000000009c20       0x4e ./component/i2c/fsl_adapter_flexcomm_i2c.o
 *fill*         0x0000000000009c6e        0x2 ff
 .rodata.s_wm8904_capability
                0x0000000000009c70       0x10 ./codec/port/wm8904/fsl_codec_wm8904_adapter.o
 .rodata.HAL_CODEC_WM8904_Init.str1.4
                0x0000000000009c80       0x45 ./codec/port/wm8904/fsl_codec_wm8904_adapter.o
 *fill*         0x0000000000009cc5        0x3 ff
 .rodata.HAL_CODEC_WM8904_SetVolume.str1.4
                0x0000000000009cc8       0x72 ./codec/port/wm8904/fsl_codec_wm8904_adapter.o
 *fill*         0x0000000000009d3a        0x2 ff
 .rodata.CODEC_Init.str1.4
                0x0000000000009d3c       0x3d ./codec/fsl_codec_common.o
 *fill*         0x0000000000009d79        0x3 ff
 .rodata.CODEC_SetVolume.str1.4
                0x0000000000009d7c       0xc1 ./codec/fsl_codec_common.o
 *fill*         0x0000000000009e3d        0x3 ff
 .rodata.WM8904_WriteRegister.str1.4
                0x0000000000009e40       0x62 ./codec/fsl_wm8904.o
 *fill*         0x0000000000009ea2        0x2 ff
 .rodata.WM8904_ReadRegister.str1.4
                0x0000000000009ea4       0x62 ./codec/fsl_wm8904.o
 *fill*         0x0000000000009f06        0x2 ff
 .rodata.WM8904_Init.str1.4
                0x0000000000009f08       0x4c ./codec/fsl_wm8904.o
 .rodata.WM8904_SetFLLConfig.str1.4
                0x0000000000009f54       0x46 ./codec/fsl_wm8904.o
 *fill*         0x0000000000009f9a        0x2 ff
 .rodata.WM8904_CheckAudioFormat.str1.4
                0x0000000000009f9c       0x38 ./codec/fsl_wm8904.o
 .rodata.WM8904_SetChannelVolume.str1.4
                0x0000000000009fd4       0x46 ./codec/fsl_wm8904.o
 *fill*         0x000000000000a01a        0x2 ff
 .rodata.__num_Ciob_streams
                0x000000000000a01c        0x4 /usr/local/mcuxpressoide-11.8.1_1197/ide/plugins/com.nxp.mcuxpresso.tools.linux_11.8.1.202308071233/tools/bin/../lib/gcc/arm-none-eabi/12.2.1/../../../../arm-none-eabi/lib/thumb/v8-m.main+fp/hard/libcr_nohost_nf.a(__ciob.o)
                0x000000000000a01c                __num_Ciob_streams
 .rodata._initio.str1.1
                0x000000000000a020        0x4 /usr/local/mcuxpressoide-11.8.1_1197/ide/plugins/com.nxp.mcuxpresso.tools.linux_11.8.1.202308071233/tools/bin/../lib/gcc/arm-none-eabi/12.2.1/../../../../arm-none-eabi/lib/thumb/v8-m.main+fp/hard/libcr_c.a(initio.o)
                0x000000000000a024                . = ALIGN (0x4)

.glue_7         0x000000000000a024        0x0
 .glue_7        0x000000000000a024        0x0 linker stubs

.glue_7t        0x000000000000a024        0x0
 .glue_7t       0x000000000000a024        0x0 linker stubs

.vfp11_veneer   0x000000000000a024        0x0
 .vfp11_veneer  0x000000000000a024        0x0 linker stubs

.v4_bx          0x000000000000a024        0x0
 .v4_bx         0x000000000000a024        0x0 linker stubs

.iplt           0x000000000000a024        0x0
 .iplt          0x000000000000a024        0x0 ./utilities/fsl_assert.o

.rel.dyn        0x000000000000a024        0x0
 .rel.iplt      0x000000000000a024        0x0 ./utilities/fsl_assert.o

.ARM.extab
 *(SORT_BY_ALIGNMENT(.ARM.extab*) SORT_BY_ALIGNMENT(.gnu.linkonce.armextab.*))

.ARM.exidx      0x000000000000a024        0x0
                0x000000000000a024                __exidx_start = .
 *(SORT_BY_ALIGNMENT(.ARM.exidx*) SORT_BY_ALIGNMENT(.gnu.linkonce.armexidx.*))
                0x000000000000a024                __exidx_end = .
                0x000000000000a024                _etext = .

.m_usb_data
 *(SORT_BY_ALIGNMENT(m_usb_global))

.data_RAM2      0x0000000004000000        0x0 load address 0x000000000000a024
 FILL mask 0xff
                [!provide]                        PROVIDE (__start_data_RAM2 = .)
                [!provide]                        PROVIDE (__start_data_SRAMX = .)
 *(SORT_BY_ALIGNMENT(.ramfunc.$RAM2))
 *(SORT_BY_ALIGNMENT(.ramfunc.$SRAMX))
 *(SORT_BY_ALIGNMENT(.data.$RAM2))
 *(SORT_BY_ALIGNMENT(.data.$SRAMX))
 *(SORT_BY_ALIGNMENT(.data.$RAM2.*))
 *(SORT_BY_ALIGNMENT(.data.$SRAMX.*))
                0x0000000004000000                . = ALIGN (0x4)
                [!provide]                        PROVIDE (__end_data_RAM2 = .)
                [!provide]                        PROVIDE (__end_data_SRAMX = .)

.data_RAM3      0x0000000040100000        0x0 load address 0x000000000000a024
 FILL mask 0xff
                [!provide]                        PROVIDE (__start_data_RAM3 = .)
                [!provide]                        PROVIDE (__start_data_USB_RAM = .)
 *(SORT_BY_ALIGNMENT(.ramfunc.$RAM3))
 *(SORT_BY_ALIGNMENT(.ramfunc.$USB_RAM))
 *(SORT_BY_ALIGNMENT(.data.$RAM3))
 *(SORT_BY_ALIGNMENT(.data.$USB_RAM))
 *(SORT_BY_ALIGNMENT(.data.$RAM3.*))
 *(SORT_BY_ALIGNMENT(.data.$USB_RAM.*))
                0x0000000040100000                . = ALIGN (0x4)
                [!provide]                        PROVIDE (__end_data_RAM3 = .)
                [!provide]                        PROVIDE (__end_data_USB_RAM = .)

.data_RAM4      0x0000000020040000        0x0 load address 0x000000000000a024
 FILL mask 0xff
                [!provide]                        PROVIDE (__start_data_RAM4 = .)
                [!provide]                        PROVIDE (__start_data_SRAM4 = .)
 *(SORT_BY_ALIGNMENT(.ramfunc.$RAM4))
 *(SORT_BY_ALIGNMENT(.ramfunc.$SRAM4))
 *(SORT_BY_ALIGNMENT(.data.$RAM4))
 *(SORT_BY_ALIGNMENT(.data.$SRAM4))
 *(SORT_BY_ALIGNMENT(.data.$RAM4.*))
 *(SORT_BY_ALIGNMENT(.data.$SRAM4.*))
                0x0000000020040000                . = ALIGN (0x4)
                [!provide]                        PROVIDE (__end_data_RAM4 = .)
                [!provide]                        PROVIDE (__end_data_SRAM4 = .)

.uninit_RESERVED
                0x0000000020000000        0x0
                0x0000000020000000                _start_uninit_RESERVED = .
 *(SORT_BY_ALIGNMENT(.bss.$RESERVED*))
                0x0000000020000000                . = ALIGN (0x4)
                0x0000000020000000                _end_uninit_RESERVED = .

.data           0x0000000020000000       0x44 load address 0x000000000000a024
 FILL mask 0xff
                0x0000000020000000                _data = .
                [!provide]                        PROVIDE (__start_data_RAM = .)
                [!provide]                        PROVIDE (__start_data_SRAM = .)
 *(SORT_BY_ALIGNMENT(vtable))
 *(SORT_BY_ALIGNMENT(.ramfunc*))
 *(SORT_BY_ALIGNMENT(CodeQuickAccess))
 *(SORT_BY_ALIGNMENT(DataQuickAccess))
 *(SORT_BY_ALIGNMENT(RamFunction))
 *(SORT_BY_ALIGNMENT(.data*))
 .data.in       0x0000000020000000        0x4 ./source/Global.o
                0x0000000020000000                in
 .data.out      0x0000000020000004        0x4 ./source/Global.o
                0x0000000020000004                out
 .data.wm8904Config
                0x0000000020000008       0x24 ./source/i2s_dma_record_playback.o
                0x0000000020000008                wm8904Config
 .data.boardCodecConfig
                0x000000002000002c        0x8 ./source/i2s_dma_record_playback.o
                0x000000002000002c                boardCodecConfig
 .data.s_Ext_Clk_Freq
                0x0000000020000034        0x4 ./drivers/fsl_clock.o
 .data.s_dma_descriptor_table
                0x0000000020000038        0x8 ./drivers/fsl_dma.o
 .data.SystemCoreClock
                0x0000000020000040        0x4 ./device/system_LPC55S69_cm33_core0.o
                0x0000000020000040                SystemCoreClock
                0x0000000020000044                . = ALIGN (0x4)
                0x0000000020000044                _edata = .
                [!provide]                        PROVIDE (__end_data_RAM = .)
                [!provide]                        PROVIDE (__end_data_SRAM = .)

.igot.plt       0x0000000020000044        0x0 load address 0x000000000000a068
 .igot.plt      0x0000000020000044        0x0 ./utilities/fsl_assert.o

.bss_RAM2       0x0000000004000000        0x0
                [!provide]                        PROVIDE (__start_bss_RAM2 = .)
                [!provide]                        PROVIDE (__start_bss_SRAMX = .)
 *(SORT_BY_ALIGNMENT(.bss.$RAM2))
 *(SORT_BY_ALIGNMENT(.bss.$SRAMX))
 *(SORT_BY_ALIGNMENT(.bss.$RAM2.*))
 *(SORT_BY_ALIGNMENT(.bss.$SRAMX.*))
                0x0000000004000000                . = ALIGN ((. != 0x0)?0x4:0x1)
                [!provide]                        PROVIDE (__end_bss_RAM2 = .)
                [!provide]                        PROVIDE (__end_bss_SRAMX = .)

.bss_RAM3       0x0000000040100000        0x0
                [!provide]                        PROVIDE (__start_bss_RAM3 = .)
                [!provide]                        PROVIDE (__start_bss_USB_RAM = .)
 *(SORT_BY_ALIGNMENT(.bss.$RAM3))
 *(SORT_BY_ALIGNMENT(.bss.$USB_RAM))
 *(SORT_BY_ALIGNMENT(.bss.$RAM3.*))
 *(SORT_BY_ALIGNMENT(.bss.$USB_RAM.*))
                0x0000000040100000                . = ALIGN ((. != 0x0)?0x4:0x1)
                [!provide]                        PROVIDE (__end_bss_RAM3 = .)
                [!provide]                        PROVIDE (__end_bss_USB_RAM = .)

.bss_RAM4       0x0000000020040000        0x0
                [!provide]                        PROVIDE (__start_bss_RAM4 = .)
                [!provide]                        PROVIDE (__start_bss_SRAM4 = .)
 *(SORT_BY_ALIGNMENT(.bss.$RAM4))
 *(SORT_BY_ALIGNMENT(.bss.$SRAM4))
 *(SORT_BY_ALIGNMENT(.bss.$RAM4.*))
 *(SORT_BY_ALIGNMENT(.bss.$SRAM4.*))
                0x0000000020040000                . = ALIGN ((. != 0x0)?0x4:0x1)
                [!provide]                        PROVIDE (__end_bss_RAM4 = .)
                [!provide]                        PROVIDE (__end_bss_SRAM4 = .)

.bss            0x0000000020000200    0x2fa9c
                0x0000000020000200                _bss = .
                [!provide]                        PROVIDE (__start_bss_RAM = .)
                [!provide]                        PROVIDE (__start_bss_SRAM = .)
 *(SORT_BY_ALIGNMENT(.bss*))
 .bss.s_dma_descriptor_table0
                0x0000000020000200      0x170 ./drivers/fsl_dma.o
 *fill*         0x0000000020000370       0x90 
 .bss.s_dma_descriptor_table1
                0x0000000020000400      0x170 ./drivers/fsl_dma.o
 .bss.s_DmaDescriptors
                0x0000000020000570      0x100 ./drivers/fsl_i2s_dma.o
 .bss.s_debugConsole
                0x0000000020000670       0x14 ./utilities/fsl_debug_console.o
 .bss.treshold  0x0000000020000684        0x4 ./source/Effects.o
                0x0000000020000684                treshold
 .bss.th1_3     0x0000000020000688        0x4 ./source/Effects.o
                0x0000000020000688                th1_3
 .bss.th2_3     0x000000002000068c        0x4 ./source/Effects.o
                0x000000002000068c                th2_3
 .bss.th_volume
                0x0000000020000690        0x4 ./source/Effects.o
                0x0000000020000690                th_volume
 .bss.TremDepth
                0x0000000020000694        0x4 ./source/Effects.o
                0x0000000020000694                TremDepth
 .bss.TremFreq  0x0000000020000698        0x4 ./source/Effects.o
                0x0000000020000698                TremFreq
 .bss.fuzz_th   0x000000002000069c        0x4 ./source/Effects.o
                0x000000002000069c                fuzz_th
 .bss.fuzz_gain
                0x00000000200006a0        0x4 ./source/Effects.o
                0x00000000200006a0                fuzz_gain
 .bss.loopback  0x00000000200006a4        0x4 ./source/Effects.o
                0x00000000200006a4                loopback
 .bss.DelayBuffer
                0x00000000200006a8    0x2ee00 ./source/Effects.o
                0x00000000200006a8                DelayBuffer
 .bss.s_Buffer  0x000000002002f4a8      0x190 ./source/Global.o
                0x000000002002f4a8                s_Buffer
 .bss.s_Buffer_Out
                0x000000002002f638      0x190 ./source/Global.o
                0x000000002002f638                s_Buffer_Out
 .bss.s_DmaTxHandle
                0x000000002002f7c8       0x10 ./source/i2s_dma_record_playback.o
 .bss.s_DmaRxHandle
                0x000000002002f7d8       0x10 ./source/i2s_dma_record_playback.o
 .bss.s_TxConfig
                0x000000002002f7e8       0x12 ./source/i2s_dma_record_playback.o
 *fill*         0x000000002002f7fa        0x2 
 .bss.s_RxConfig
                0x000000002002f7fc       0x12 ./source/i2s_dma_record_playback.o
 *fill*         0x000000002002f80e        0x2 
 .bss.s_TxHandle
                0x000000002002f810       0x40 ./source/i2s_dma_record_playback.o
 .bss.s_RxHandle
                0x000000002002f850       0x40 ./source/i2s_dma_record_playback.o
 .bss.s_TxTransfer
                0x000000002002f890        0x8 ./source/i2s_dma_record_playback.o
 .bss.s_RxTransfer
                0x000000002002f898        0x8 ./source/i2s_dma_record_playback.o
 .bss.codecHandle
                0x000000002002f8a0       0x74 ./source/i2s_dma_record_playback.o
                0x000000002002f8a0                codecHandle
 .bss.s_Pll0_Freq
                0x000000002002f914        0x4 ./drivers/fsl_clock.o
 .bss.s_DMAHandle
                0x000000002002f918       0xb8 ./drivers/fsl_dma.o
 .bss.s_flexcommIrqHandler
                0x000000002002f9d0       0x24 ./drivers/fsl_flexcomm.o
 .bss.s_flexcommHandle
                0x000000002002f9f4       0x24 ./drivers/fsl_flexcomm.o
 .bss.s_DummyBufferTx
                0x000000002002fa18        0x4 ./drivers/fsl_i2s_dma.o
 .bss.s_DummyBufferRx
                0x000000002002fa1c        0x4 ./drivers/fsl_i2s_dma.o
 .bss.s_DmaPrivateHandle
                0x000000002002fa20      0x1c0 ./drivers/fsl_i2s_dma.o
 .bss.errno     0x000000002002fbe0        0x4 /usr/local/mcuxpressoide-11.8.1_1197/ide/plugins/com.nxp.mcuxpresso.tools.linux_11.8.1.202308071233/tools/bin/../lib/gcc/arm-none-eabi/12.2.1/../../../../arm-none-eabi/lib/thumb/v8-m.main+fp/hard/libcr_c.a(errno.o)
                0x000000002002fbe0                errno
 .bss.__Ciob    0x000000002002fbe4       0xb4 /usr/local/mcuxpressoide-11.8.1_1197/ide/plugins/com.nxp.mcuxpresso.tools.linux_11.8.1.202308071233/tools/bin/../lib/gcc/arm-none-eabi/12.2.1/../../../../arm-none-eabi/lib/thumb/v8-m.main+fp/hard/libcr_nohost_nf.a(__ciob.o)
                0x000000002002fbe4                __Ciob
 .bss.delay_ms  0x000000002002fc98        0x2 ./source/Effects.o
                0x000000002002fc98                delay_ms
 .bss.rxflag    0x000000002002fc9a        0x1 ./source/Global.o
                0x000000002002fc9a                rxflag
 .bss.txflag    0x000000002002fc9b        0x1 ./source/Global.o
                0x000000002002fc9b                txflag
 *(SORT_BY_ALIGNMENT(COMMON))
                0x000000002002fc9c                . = ALIGN (0x4)
                0x000000002002fc9c                _ebss = .
                [!provide]                        PROVIDE (__end_bss_RAM = .)
                [!provide]                        PROVIDE (__end_bss_SRAM = .)
                [!provide]                        PROVIDE (end = .)

.noinit_RAM2    0x0000000004000000        0x0
                [!provide]                        PROVIDE (__start_noinit_RAM2 = .)
                [!provide]                        PROVIDE (__start_noinit_SRAMX = .)
 *(SORT_BY_ALIGNMENT(.noinit.$RAM2))
 *(SORT_BY_ALIGNMENT(.noinit.$SRAMX))
 *(SORT_BY_ALIGNMENT(.noinit.$RAM2.*))
 *(SORT_BY_ALIGNMENT(.noinit.$SRAMX.*))
                0x0000000004000000                . = ALIGN (0x4)
                [!provide]                        PROVIDE (__end_noinit_RAM2 = .)
                [!provide]                        PROVIDE (__end_noinit_SRAMX = .)

.noinit_RAM3    0x0000000040100000        0x0
                [!provide]                        PROVIDE (__start_noinit_RAM3 = .)
                [!provide]                        PROVIDE (__start_noinit_USB_RAM = .)
 *(SORT_BY_ALIGNMENT(.noinit.$RAM3))
 *(SORT_BY_ALIGNMENT(.noinit.$USB_RAM))
 *(SORT_BY_ALIGNMENT(.noinit.$RAM3.*))
 *(SORT_BY_ALIGNMENT(.noinit.$USB_RAM.*))
                0x0000000040100000                . = ALIGN (0x4)
                [!provide]                        PROVIDE (__end_noinit_RAM3 = .)
                [!provide]                        PROVIDE (__end_noinit_USB_RAM = .)

.noinit_RAM4    0x0000000020040000        0x0
                [!provide]                        PROVIDE (__start_noinit_RAM4 = .)
                [!provide]                        PROVIDE (__start_noinit_SRAM4 = .)
 *(SORT_BY_ALIGNMENT(.noinit.$RAM4))
 *(SORT_BY_ALIGNMENT(.noinit.$SRAM4))
 *(SORT_BY_ALIGNMENT(.noinit.$RAM4.*))
 *(SORT_BY_ALIGNMENT(.noinit.$SRAM4.*))
                0x0000000020040000                . = ALIGN (0x4)
                [!provide]                        PROVIDE (__end_noinit_RAM4 = .)
                [!provide]                        PROVIDE (__end_noinit_SRAM4 = .)

.noinit         0x000000002002fc9c        0x0
                0x000000002002fc9c                _noinit = .
                [!provide]                        PROVIDE (__start_noinit_RAM = .)
                [!provide]                        PROVIDE (__start_noinit_SRAM = .)
 *(SORT_BY_ALIGNMENT(.noinit*))
                0x000000002002fc9c                . = ALIGN (0x4)
                0x000000002002fc9c                _end_noinit = .
                [!provide]                        PROVIDE (__end_noinit_RAM = .)
                [!provide]                        PROVIDE (__end_noinit_SRAM = .)
                0x0000000000001000                _HeapSize = 0x1000

.heap           0x000000002002fc9c     0x1000
                0x000000002002fc9c                _pvHeapStart = .
                0x0000000020030c9c                . = (. + _HeapSize)
 *fill*         0x000000002002fc9c     0x1000 
                0x0000000020030c9c                . = ALIGN (0x4)
                0x0000000020030c9c                _pvHeapLimit = .
                0x0000000000001000                _StackSize = 0x1000

.heap2stackfill
                0x0000000020030c9c     0x1000
                0x0000000020031c9c                . = (. + _StackSize)
 *fill*         0x0000000020030c9c     0x1000 

.stack          0x000000002003f000        0x0
                0x000000002003f000                _vStackBase = .
                0x000000002003f000                . = ALIGN (0x4)
                0x0000000020040000                _vStackTop = (. + _StackSize)
                [!provide]                        PROVIDE (__valid_user_code_checksum = (0x0 - ((((((_vStackTop + (ResetISR + 0x1)) + (NMI_Handler + 0x1)) + (HardFault_Handler + 0x1)) + (DEFINED (MemManage_Handler)?MemManage_Handler:0x0 + 0x1)) + (DEFINED (BusFault_Handler)?BusFault_Handler:0x0 + 0x1)) + (DEFINED (UsageFault_Handler)?UsageFault_Handler:0x0 + 0x1))))
                0x0000000000000000                _image_start = LOADADDR (.text)
                0x000000000000a068                _image_end = (LOADADDR (.data) + SIZEOF (.data))
                0x000000000000a068                _image_size = (_image_end - _image_start)
OUTPUT(Praca_inz_i2s_dma_record_playback.axf elf32-littlearm)
LOAD linker stubs

.debug_info     0x0000000000000000    0x22938
 .debug_info    0x0000000000000000       0xcb ./utilities/fsl_assert.o
 .debug_info    0x00000000000000cb      0xe9b ./utilities/fsl_debug_console.o
 .debug_info    0x0000000000000f66       0x25 ./utilities/fsl_memcpy.o
 .debug_info    0x0000000000000f8b      0x958 ./startup/startup_lpc55s69_cm33_core0.o
 .debug_info    0x00000000000018e3      0x8ad ./source/Effects.o
 .debug_info    0x0000000000002190      0x4f7 ./source/Global.o
 .debug_info    0x0000000000002687     0x3705 ./source/i2s_dma_record_playback.o
 .debug_info    0x0000000000005d8c       0x3d ./source/semihost_hardfault.o
 .debug_info    0x0000000000005dc9     0x32af ./drivers/fsl_clock.o
 .debug_info    0x0000000000009078      0x579 ./drivers/fsl_common_arm.o
 .debug_info    0x00000000000095f1     0x2a68 ./drivers/fsl_dma.o
 .debug_info    0x000000000000c059     0x1a41 ./drivers/fsl_flexcomm.o
 .debug_info    0x000000000000da9a     0x2292 ./drivers/fsl_i2c.o
 .debug_info    0x000000000000fd2c     0x1506 ./drivers/fsl_i2s.o
 .debug_info    0x0000000000011232     0x161b ./drivers/fsl_i2s_dma.o
 .debug_info    0x000000000001284d     0x2a50 ./drivers/fsl_power.o
 .debug_info    0x000000000001529d      0xe3d ./drivers/fsl_reset.o
 .debug_info    0x00000000000160da     0x1518 ./drivers/fsl_sysctl.o
 .debug_info    0x00000000000175f2     0x181c ./drivers/fsl_usart.o
 .debug_info    0x0000000000018e0e     0x1471 ./device/system_LPC55S69_cm33_core0.o
 .debug_info    0x000000000001a27f      0xcf3 ./component/uart/fsl_adapter_usart.o
 .debug_info    0x000000000001af72     0x16e0 ./component/i2c/fsl_adapter_flexcomm_i2c.o
 .debug_info    0x000000000001c652      0xf2f ./codec/port/wm8904/fsl_codec_wm8904_adapter.o