/home/mateusz/MCU_wkspace/Praca_inz_i2s_dma_record_playback/CMSIS/core_cm33.h:2378:22:__NVIC_EnableIRQ	16	static
/home/mateusz/MCU_wkspace/Praca_inz_i2s_dma_record_playback/CMSIS/core_cm33.h:2469:22:__NVIC_ClearPendingIRQ	16	static
/home/mateusz/MCU_wkspace/Praca_inz_i2s_dma_record_playback/drivers/fsl_clock.h:983:20:CLOCK_EnableClock	24	static
/home/mateusz/MCU_wkspace/Praca_inz_i2s_dma_record_playback/drivers/fsl_common_arm.h:514:24:EnableIRQ	24	static
/home/mateusz/MCU_wkspace/Praca_inz_i2s_dma_record_playback/drivers/fsl_dma.h:405:20:DMA_EnableChannel	16	static
/home/mateusz/MCU_wkspace/Praca_inz_i2s_dma_record_playback/drivers/fsl_dma.h:514:20:DMA_SetChannelPriority	24	static
/home/mateusz/MCU_wkspace/Praca_inz_i2s_dma_record_playback/drivers/fsl_power.h:398:20:POWER_SetBodVbatLevel	16	static
../source/i2s_dma_record_playback.c:80:6:BOARD_InitSysctrl	8	static
../source/i2s_dma_record_playback.c:94:6:Processing	8	static
../source/i2s_dma_record_playback.c:102:5:main	40	static
../source/i2s_dma_record_playback.c:269:13:StartDigitalLoopback	16	static
../source/i2s_dma_record_playback.c:296:13:TxCallback	32	static
../source/i2s_dma_record_playback.c:306:13:RxCallback	32	static
